#
# There is insufficient memory for the Java Runtime Environment to continue.
# Native memory allocation (malloc) failed to allocate 132816 bytes for Chunk::new
# Possible reasons:
#   The system is out of physical RAM or swap space
#   The process is running with CompressedOops enabled, and the Java Heap may be blocking the growth of the native heap
# Possible solutions:
#   Reduce memory load on the system
#   Increase physical memory or swap space
#   Check if swap backing store is full
#   Decrease Java heap size (-Xmx/-Xms)
#   Decrease number of Java threads
#   Decrease Java thread stack sizes (-Xss)
#   Set larger code cache with -XX:ReservedCodeCacheSize=
#   JVM is running with Zero Based Compressed Oops mode in which the Java heap is
#     placed in the first 32GB address space. The Java Heap base address is the
#     maximum limit for the native heap growth. Please use -XX:HeapBaseMinAddress
#     to set the Java Heap base and to place the Java Heap above 32GB virtual address.
# This output file may be truncated or incomplete.
#
#  Out of Memory Error (arena.cpp:189), pid=21496, tid=28424
#
# JRE version: Java(TM) SE Runtime Environment (17.0.8+9) (build 17.0.8+9-LTS-211)
# Java VM: Java HotSpot(TM) 64-Bit Server VM (17.0.8+9-LTS-211, mixed mode, tiered, compressed oops, compressed class ptrs, g1 gc, windows-amd64)
# No core dump will be written. Minidumps are not enabled by default on client versions of Windows
#

---------------  S U M M A R Y ------------

Command Line: -Dfile.encoding=UTF-8 -XX:+ShowCodeDetailsInExceptionMessages WebSocket.WebSocketClient

Host: Intel(R) Core(TM) i5-8300H CPU @ 2.30GHz, 8 cores, 11G,  Windows 10 , 64 bit Build 19041 (10.0.19041.5794)
Time: Tue Apr 29 17:19:33 2025 Romance Standard Time elapsed time: 0.376364 seconds (0d 0h 0m 0s)

---------------  T H R E A D  ---------------

Current thread (0x00000131aa6f7010):  JavaThread "C2 CompilerThread0" daemon [_thread_in_native, id=28424, stack(0x0000000238e00000,0x0000000238f00000)]


Current CompileTask:
C2:    376  244       4       java.util.zip.ZipCoder$UTF8ZipCoder::checkedHash (91 bytes)

Stack: [0x0000000238e00000,0x0000000238f00000]
Native frames: (J=compiled Java code, j=interpreted, Vv=VM code, C=native code)
V  [jvm.dll+0x677d0a]
V  [jvm.dll+0x7d8c54]
V  [jvm.dll+0x7da3fe]
V  [jvm.dll+0x7daa63]
V  [jvm.dll+0x245c5f]
V  [jvm.dll+0xaaa6b]
V  [jvm.dll+0xab00c]
V  [jvm.dll+0x2ab5cf]
V  [jvm.dll+0x580435]
V  [jvm.dll+0x220b22]
V  [jvm.dll+0x220eff]
V  [jvm.dll+0x219e56]
V  [jvm.dll+0x217329]
V  [jvm.dll+0x1a3af0]
V  [jvm.dll+0x2270be]
V  [jvm.dll+0x22535b]
V  [jvm.dll+0x78e7bc]
V  [jvm.dll+0x788bba]
V  [jvm.dll+0x676b35]
C  [ucrtbase.dll+0x21bb2]
C  [KERNEL32.DLL+0x17374]
C  [ntdll.dll+0x4cc91]


---------------  P R O C E S S  ---------------

Threads class SMR info:
_java_thread_list=0x00000131aa8c8df0, length=12, elements={
0x0000013189f87fe0, 0x00000131aa736020, 0x00000131aa6e9d40, 0x00000131aa6f2c90,
0x00000131aa6f3550, 0x00000131aa6f3e10, 0x00000131aa6f56e0, 0x00000131aa6f7010,
0x00000131aa6f85e0, 0x00000131aa76ac10, 0x00000131aa8e5940, 0x00000131aa906880
}

Java Threads: ( => current thread )
  0x0000013189f87fe0 JavaThread "main" [_thread_in_vm, id=21608, stack(0x0000000238100000,0x0000000238200000)]
  0x00000131aa736020 JavaThread "Reference Handler" daemon [_thread_blocked, id=12728, stack(0x0000000238800000,0x0000000238900000)]
  0x00000131aa6e9d40 JavaThread "Finalizer" daemon [_thread_blocked, id=3148, stack(0x0000000238900000,0x0000000238a00000)]
  0x00000131aa6f2c90 JavaThread "Signal Dispatcher" daemon [_thread_blocked, id=26012, stack(0x0000000238a00000,0x0000000238b00000)]
  0x00000131aa6f3550 JavaThread "Attach Listener" daemon [_thread_blocked, id=27600, stack(0x0000000238b00000,0x0000000238c00000)]
  0x00000131aa6f3e10 JavaThread "Service Thread" daemon [_thread_blocked, id=19900, stack(0x0000000238c00000,0x0000000238d00000)]
  0x00000131aa6f56e0 JavaThread "Monitor Deflation Thread" daemon [_thread_blocked, id=4568, stack(0x0000000238d00000,0x0000000238e00000)]
=>0x00000131aa6f7010 JavaThread "C2 CompilerThread0" daemon [_thread_in_native, id=28424, stack(0x0000000238e00000,0x0000000238f00000)]
  0x00000131aa6f85e0 JavaThread "C1 CompilerThread0" daemon [_thread_blocked, id=24648, stack(0x0000000238f00000,0x0000000239000000)]
  0x00000131aa76ac10 JavaThread "Sweeper thread" daemon [_thread_blocked, id=6896, stack(0x0000000239000000,0x0000000239100000)]
  0x00000131aa8e5940 JavaThread "Notification Thread" daemon [_thread_blocked, id=28572, stack(0x0000000239100000,0x0000000239200000)]
  0x00000131aa906880 JavaThread "Common-Cleaner" daemon [_thread_blocked, id=21992, stack(0x0000000239300000,0x0000000239400000)]

Other Threads:
  0x00000131aa6b9030 VMThread "VM Thread" [stack: 0x0000000238700000,0x0000000238800000] [id=9388]
  0x0000013189ffab10 WatcherThread [stack: 0x0000000239200000,0x0000000239300000] [id=2964]
  0x0000013189fe1e20 GCTaskThread "GC Thread#0" [stack: 0x0000000238200000,0x0000000238300000] [id=15808]
  0x0000013189feeaa0 ConcurrentGCThread "G1 Main Marker" [stack: 0x0000000238300000,0x0000000238400000] [id=26240]
  0x0000013189fefb50 ConcurrentGCThread "G1 Conc#0" [stack: 0x0000000238400000,0x0000000238500000] [id=32524]
  0x000001318a045710 ConcurrentGCThread "G1 Refine#0" [stack: 0x0000000238500000,0x0000000238600000] [id=30068]
  0x00000131aa5624c0 ConcurrentGCThread "G1 Service" [stack: 0x0000000238600000,0x0000000238700000] [id=21324]

Threads with active compile tasks:
C2 CompilerThread0      416  244       4       java.util.zip.ZipCoder$UTF8ZipCoder::checkedHash (91 bytes)

VM state: not at safepoint (normal execution)

VM Mutex/Monitor currently owned by a thread: None

Heap address: 0x0000000741c00000, size: 3044 MB, Compressed Oops mode: Zero based, Oop shift amount: 3

CDS archive(s) not mapped
Compressed class space mapped at: 0x0000000800000000-0x0000000840000000, reserved size: 1073741824
Narrow klass base: 0x0000000800000000, Narrow klass shift: 0, Narrow klass range: 0x40000000

GC Precious Log:
 CPUs: 8 total, 8 available
 Memory: 12168M
 Large Page Support: Disabled
 NUMA Support: Disabled
 Compressed Oops: Enabled (Zero based)
 Heap Region Size: 2M
 Heap Min Capacity: 8M
 Heap Initial Capacity: 192M
 Heap Max Capacity: 3044M
 Pre-touch: Disabled
 Parallel Workers: 8
 Concurrent Workers: 2
 Concurrent Refinement Workers: 8
 Periodic GC: Disabled

Heap:
 garbage-first heap   total 196608K, used 6144K [0x0000000741c00000, 0x0000000800000000)
  region size 2048K, 5 young (10240K), 0 survivors (0K)
 Metaspace       used 5445K, committed 5568K, reserved 1114112K
  class space    used 456K, committed 512K, reserved 1048576K

Heap Regions: E=young(eden), S=young(survivor), O=old, HS=humongous(starts), HC=humongous(continues), CS=collection set, F=free, OA=open archive, CA=closed archive, TAMS=top-at-mark-start (previous, next)
|   0|0x0000000741c00000, 0x0000000741c00000, 0x0000000741e00000|  0%| F|  |TAMS 0x0000000741c00000, 0x0000000741c00000| Untracked 
|   1|0x0000000741e00000, 0x0000000741e00000, 0x0000000742000000|  0%| F|  |TAMS 0x0000000741e00000, 0x0000000741e00000| Untracked 
|   2|0x0000000742000000, 0x0000000742000000, 0x0000000742200000|  0%| F|  |TAMS 0x0000000742000000, 0x0000000742000000| Untracked 
|   3|0x0000000742200000, 0x0000000742200000, 0x0000000742400000|  0%| F|  |TAMS 0x0000000742200000, 0x0000000742200000| Untracked 
|   4|0x0000000742400000, 0x0000000742400000, 0x0000000742600000|  0%| F|  |TAMS 0x0000000742400000, 0x0000000742400000| Untracked 
|   5|0x0000000742600000, 0x0000000742600000, 0x0000000742800000|  0%| F|  |TAMS 0x0000000742600000, 0x0000000742600000| Untracked 
|   6|0x0000000742800000, 0x0000000742800000, 0x0000000742a00000|  0%| F|  |TAMS 0x0000000742800000, 0x0000000742800000| Untracked 
|   7|0x0000000742a00000, 0x0000000742a00000, 0x0000000742c00000|  0%| F|  |TAMS 0x0000000742a00000, 0x0000000742a00000| Untracked 
|   8|0x0000000742c00000, 0x0000000742c00000, 0x0000000742e00000|  0%| F|  |TAMS 0x0000000742c00000, 0x0000000742c00000| Untracked 
|   9|0x0000000742e00000, 0x0000000742e00000, 0x0000000743000000|  0%| F|  |TAMS 0x0000000742e00000, 0x0000000742e00000| Untracked 
|  10|0x0000000743000000, 0x0000000743000000, 0x0000000743200000|  0%| F|  |TAMS 0x0000000743000000, 0x0000000743000000| Untracked 
|  11|0x0000000743200000, 0x0000000743200000, 0x0000000743400000|  0%| F|  |TAMS 0x0000000743200000, 0x0000000743200000| Untracked 
|  12|0x0000000743400000, 0x0000000743400000, 0x0000000743600000|  0%| F|  |TAMS 0x0000000743400000, 0x0000000743400000| Untracked 
|  13|0x0000000743600000, 0x0000000743600000, 0x0000000743800000|  0%| F|  |TAMS 0x0000000743600000, 0x0000000743600000| Untracked 
|  14|0x0000000743800000, 0x0000000743800000, 0x0000000743a00000|  0%| F|  |TAMS 0x0000000743800000, 0x0000000743800000| Untracked 
|  15|0x0000000743a00000, 0x0000000743a00000, 0x0000000743c00000|  0%| F|  |TAMS 0x0000000743a00000, 0x0000000743a00000| Untracked 
|  16|0x0000000743c00000, 0x0000000743c00000, 0x0000000743e00000|  0%| F|  |TAMS 0x0000000743c00000, 0x0000000743c00000| Untracked 
|  17|0x0000000743e00000, 0x0000000743e00000, 0x0000000744000000|  0%| F|  |TAMS 0x0000000743e00000, 0x0000000743e00000| Untracked 
|  18|0x0000000744000000, 0x0000000744000000, 0x0000000744200000|  0%| F|  |TAMS 0x0000000744000000, 0x0000000744000000| Untracked 
|  19|0x0000000744200000, 0x0000000744200000, 0x0000000744400000|  0%| F|  |TAMS 0x0000000744200000, 0x0000000744200000| Untracked 
|  20|0x0000000744400000, 0x0000000744400000, 0x0000000744600000|  0%| F|  |TAMS 0x0000000744400000, 0x0000000744400000| Untracked 
|  21|0x0000000744600000, 0x0000000744600000, 0x0000000744800000|  0%| F|  |TAMS 0x0000000744600000, 0x0000000744600000| Untracked 
|  22|0x0000000744800000, 0x0000000744800000, 0x0000000744a00000|  0%| F|  |TAMS 0x0000000744800000, 0x0000000744800000| Untracked 
|  23|0x0000000744a00000, 0x0000000744a00000, 0x0000000744c00000|  0%| F|  |TAMS 0x0000000744a00000, 0x0000000744a00000| Untracked 
|  24|0x0000000744c00000, 0x0000000744c00000, 0x0000000744e00000|  0%| F|  |TAMS 0x0000000744c00000, 0x0000000744c00000| Untracked 
|  25|0x0000000744e00000, 0x0000000744e00000, 0x0000000745000000|  0%| F|  |TAMS 0x0000000744e00000, 0x0000000744e00000| Untracked 
|  26|0x0000000745000000, 0x0000000745000000, 0x0000000745200000|  0%| F|  |TAMS 0x0000000745000000, 0x0000000745000000| Untracked 
|  27|0x0000000745200000, 0x0000000745200000, 0x0000000745400000|  0%| F|  |TAMS 0x0000000745200000, 0x0000000745200000| Untracked 
|  28|0x0000000745400000, 0x0000000745400000, 0x0000000745600000|  0%| F|  |TAMS 0x0000000745400000, 0x0000000745400000| Untracked 
|  29|0x0000000745600000, 0x0000000745600000, 0x0000000745800000|  0%| F|  |TAMS 0x0000000745600000, 0x0000000745600000| Untracked 
|  30|0x0000000745800000, 0x0000000745800000, 0x0000000745a00000|  0%| F|  |TAMS 0x0000000745800000, 0x0000000745800000| Untracked 
|  31|0x0000000745a00000, 0x0000000745a00000, 0x0000000745c00000|  0%| F|  |TAMS 0x0000000745a00000, 0x0000000745a00000| Untracked 
|  32|0x0000000745c00000, 0x0000000745c00000, 0x0000000745e00000|  0%| F|  |TAMS 0x0000000745c00000, 0x0000000745c00000| Untracked 
|  33|0x0000000745e00000, 0x0000000745e00000, 0x0000000746000000|  0%| F|  |TAMS 0x0000000745e00000, 0x0000000745e00000| Untracked 
|  34|0x0000000746000000, 0x0000000746000000, 0x0000000746200000|  0%| F|  |TAMS 0x0000000746000000, 0x0000000746000000| Untracked 
|  35|0x0000000746200000, 0x0000000746200000, 0x0000000746400000|  0%| F|  |TAMS 0x0000000746200000, 0x0000000746200000| Untracked 
|  36|0x0000000746400000, 0x0000000746400000, 0x0000000746600000|  0%| F|  |TAMS 0x0000000746400000, 0x0000000746400000| Untracked 
|  37|0x0000000746600000, 0x0000000746600000, 0x0000000746800000|  0%| F|  |TAMS 0x0000000746600000, 0x0000000746600000| Untracked 
|  38|0x0000000746800000, 0x0000000746800000, 0x0000000746a00000|  0%| F|  |TAMS 0x0000000746800000, 0x0000000746800000| Untracked 
|  39|0x0000000746a00000, 0x0000000746a00000, 0x0000000746c00000|  0%| F|  |TAMS 0x0000000746a00000, 0x0000000746a00000| Untracked 
|  40|0x0000000746c00000, 0x0000000746c00000, 0x0000000746e00000|  0%| F|  |TAMS 0x0000000746c00000, 0x0000000746c00000| Untracked 
|  41|0x0000000746e00000, 0x0000000746e00000, 0x0000000747000000|  0%| F|  |TAMS 0x0000000746e00000, 0x0000000746e00000| Untracked 
|  42|0x0000000747000000, 0x0000000747000000, 0x0000000747200000|  0%| F|  |TAMS 0x0000000747000000, 0x0000000747000000| Untracked 
|  43|0x0000000747200000, 0x0000000747200000, 0x0000000747400000|  0%| F|  |TAMS 0x0000000747200000, 0x0000000747200000| Untracked 
|  44|0x0000000747400000, 0x0000000747400000, 0x0000000747600000|  0%| F|  |TAMS 0x0000000747400000, 0x0000000747400000| Untracked 
|  45|0x0000000747600000, 0x0000000747600000, 0x0000000747800000|  0%| F|  |TAMS 0x0000000747600000, 0x0000000747600000| Untracked 
|  46|0x0000000747800000, 0x0000000747800000, 0x0000000747a00000|  0%| F|  |TAMS 0x0000000747800000, 0x0000000747800000| Untracked 
|  47|0x0000000747a00000, 0x0000000747a00000, 0x0000000747c00000|  0%| F|  |TAMS 0x0000000747a00000, 0x0000000747a00000| Untracked 
|  48|0x0000000747c00000, 0x0000000747c00000, 0x0000000747e00000|  0%| F|  |TAMS 0x0000000747c00000, 0x0000000747c00000| Untracked 
|  49|0x0000000747e00000, 0x0000000747e00000, 0x0000000748000000|  0%| F|  |TAMS 0x0000000747e00000, 0x0000000747e00000| Untracked 
|  50|0x0000000748000000, 0x0000000748000000, 0x0000000748200000|  0%| F|  |TAMS 0x0000000748000000, 0x0000000748000000| Untracked 
|  51|0x0000000748200000, 0x0000000748200000, 0x0000000748400000|  0%| F|  |TAMS 0x0000000748200000, 0x0000000748200000| Untracked 
|  52|0x0000000748400000, 0x0000000748400000, 0x0000000748600000|  0%| F|  |TAMS 0x0000000748400000, 0x0000000748400000| Untracked 
|  53|0x0000000748600000, 0x0000000748600000, 0x0000000748800000|  0%| F|  |TAMS 0x0000000748600000, 0x0000000748600000| Untracked 
|  54|0x0000000748800000, 0x0000000748800000, 0x0000000748a00000|  0%| F|  |TAMS 0x0000000748800000, 0x0000000748800000| Untracked 
|  55|0x0000000748a00000, 0x0000000748a00000, 0x0000000748c00000|  0%| F|  |TAMS 0x0000000748a00000, 0x0000000748a00000| Untracked 
|  56|0x0000000748c00000, 0x0000000748c00000, 0x0000000748e00000|  0%| F|  |TAMS 0x0000000748c00000, 0x0000000748c00000| Untracked 
|  57|0x0000000748e00000, 0x0000000748e00000, 0x0000000749000000|  0%| F|  |TAMS 0x0000000748e00000, 0x0000000748e00000| Untracked 
|  58|0x0000000749000000, 0x0000000749000000, 0x0000000749200000|  0%| F|  |TAMS 0x0000000749000000, 0x0000000749000000| Untracked 
|  59|0x0000000749200000, 0x0000000749200000, 0x0000000749400000|  0%| F|  |TAMS 0x0000000749200000, 0x0000000749200000| Untracked 
|  60|0x0000000749400000, 0x0000000749400000, 0x0000000749600000|  0%| F|  |TAMS 0x0000000749400000, 0x0000000749400000| Untracked 
|  61|0x0000000749600000, 0x0000000749600000, 0x0000000749800000|  0%| F|  |TAMS 0x0000000749600000, 0x0000000749600000| Untracked 
|  62|0x0000000749800000, 0x0000000749800000, 0x0000000749a00000|  0%| F|  |TAMS 0x0000000749800000, 0x0000000749800000| Untracked 
|  63|0x0000000749a00000, 0x0000000749a00000, 0x0000000749c00000|  0%| F|  |TAMS 0x0000000749a00000, 0x0000000749a00000| Untracked 
|  64|0x0000000749c00000, 0x0000000749c00000, 0x0000000749e00000|  0%| F|  |TAMS 0x0000000749c00000, 0x0000000749c00000| Untracked 
|  65|0x0000000749e00000, 0x0000000749e00000, 0x000000074a000000|  0%| F|  |TAMS 0x0000000749e00000, 0x0000000749e00000| Untracked 
|  66|0x000000074a000000, 0x000000074a000000, 0x000000074a200000|  0%| F|  |TAMS 0x000000074a000000, 0x000000074a000000| Untracked 
|  67|0x000000074a200000, 0x000000074a200000, 0x000000074a400000|  0%| F|  |TAMS 0x000000074a200000, 0x000000074a200000| Untracked 
|  68|0x000000074a400000, 0x000000074a400000, 0x000000074a600000|  0%| F|  |TAMS 0x000000074a400000, 0x000000074a400000| Untracked 
|  69|0x000000074a600000, 0x000000074a600000, 0x000000074a800000|  0%| F|  |TAMS 0x000000074a600000, 0x000000074a600000| Untracked 
|  70|0x000000074a800000, 0x000000074a800000, 0x000000074aa00000|  0%| F|  |TAMS 0x000000074a800000, 0x000000074a800000| Untracked 
|  71|0x000000074aa00000, 0x000000074aa00000, 0x000000074ac00000|  0%| F|  |TAMS 0x000000074aa00000, 0x000000074aa00000| Untracked 
|  72|0x000000074ac00000, 0x000000074ac00000, 0x000000074ae00000|  0%| F|  |TAMS 0x000000074ac00000, 0x000000074ac00000| Untracked 
|  73|0x000000074ae00000, 0x000000074ae00000, 0x000000074b000000|  0%| F|  |TAMS 0x000000074ae00000, 0x000000074ae00000| Untracked 
|  74|0x000000074b000000, 0x000000074b000000, 0x000000074b200000|  0%| F|  |TAMS 0x000000074b000000, 0x000000074b000000| Untracked 
|  75|0x000000074b200000, 0x000000074b200000, 0x000000074b400000|  0%| F|  |TAMS 0x000000074b200000, 0x000000074b200000| Untracked 
|  76|0x000000074b400000, 0x000000074b400000, 0x000000074b600000|  0%| F|  |TAMS 0x000000074b400000, 0x000000074b400000| Untracked 
|  77|0x000000074b600000, 0x000000074b600000, 0x000000074b800000|  0%| F|  |TAMS 0x000000074b600000, 0x000000074b600000| Untracked 
|  78|0x000000074b800000, 0x000000074b800000, 0x000000074ba00000|  0%| F|  |TAMS 0x000000074b800000, 0x000000074b800000| Untracked 
|  79|0x000000074ba00000, 0x000000074ba00000, 0x000000074bc00000|  0%| F|  |TAMS 0x000000074ba00000, 0x000000074ba00000| Untracked 
|  80|0x000000074bc00000, 0x000000074bc00000, 0x000000074be00000|  0%| F|  |TAMS 0x000000074bc00000, 0x000000074bc00000| Untracked 
|  81|0x000000074be00000, 0x000000074be00000, 0x000000074c000000|  0%| F|  |TAMS 0x000000074be00000, 0x000000074be00000| Untracked 
|  82|0x000000074c000000, 0x000000074c000000, 0x000000074c200000|  0%| F|  |TAMS 0x000000074c000000, 0x000000074c000000| Untracked 
|  83|0x000000074c200000, 0x000000074c200000, 0x000000074c400000|  0%| F|  |TAMS 0x000000074c200000, 0x000000074c200000| Untracked 
|  84|0x000000074c400000, 0x000000074c400000, 0x000000074c600000|  0%| F|  |TAMS 0x000000074c400000, 0x000000074c400000| Untracked 
|  85|0x000000074c600000, 0x000000074c600000, 0x000000074c800000|  0%| F|  |TAMS 0x000000074c600000, 0x000000074c600000| Untracked 
|  86|0x000000074c800000, 0x000000074c800000, 0x000000074ca00000|  0%| F|  |TAMS 0x000000074c800000, 0x000000074c800000| Untracked 
|  87|0x000000074ca00000, 0x000000074ca00000, 0x000000074cc00000|  0%| F|  |TAMS 0x000000074ca00000, 0x000000074ca00000| Untracked 
|  88|0x000000074cc00000, 0x000000074cc00000, 0x000000074ce00000|  0%| F|  |TAMS 0x000000074cc00000, 0x000000074cc00000| Untracked 
|  89|0x000000074ce00000, 0x000000074ce00000, 0x000000074d000000|  0%| F|  |TAMS 0x000000074ce00000, 0x000000074ce00000| Untracked 
|  90|0x000000074d000000, 0x000000074d000000, 0x000000074d200000|  0%| F|  |TAMS 0x000000074d000000, 0x000000074d000000| Untracked 
|  91|0x000000074d200000, 0x000000074d400000, 0x000000074d400000|100%| E|  |TAMS 0x000000074d200000, 0x000000074d200000| Complete 
|  92|0x000000074d400000, 0x000000074d600000, 0x000000074d600000|100%| E|  |TAMS 0x000000074d400000, 0x000000074d400000| Complete 
|  93|0x000000074d600000, 0x000000074d800000, 0x000000074d800000|100%| E|CS|TAMS 0x000000074d600000, 0x000000074d600000| Complete 
|  94|0x000000074d800000, 0x000000074da00000, 0x000000074da00000|100%| E|CS|TAMS 0x000000074d800000, 0x000000074d800000| Complete 
|  95|0x000000074da00000, 0x000000074dc00000, 0x000000074dc00000|100%| E|CS|TAMS 0x000000074da00000, 0x000000074da00000| Complete 

Card table byte_map: [0x00000131a1150000,0x00000131a1750000] _byte_map_base: 0x000001319d742000

Marking Bits (Prev, Next): (CMBitMap*) 0x0000013189fe2330, (CMBitMap*) 0x0000013189fe2370
 Prev Bits: [0x00000131a1d50000, 0x00000131a4ce0000)
 Next Bits: [0x00000131a4ce0000, 0x00000131a7c70000)

Polling page: 0x0000013189750000

Metaspace:

Usage:
  Non-class:      4.93 MB used.
      Class:    463.39 KB used.
       Both:      5.38 MB used.

Virtual space:
  Non-class space:       64.00 MB reserved,       5.00 MB (  8%) committed,  1 nodes.
      Class space:        1.00 GB reserved,     512.00 KB ( <1%) committed,  1 nodes.
             Both:        1.06 GB reserved,       5.50 MB ( <1%) committed. 

Chunk freelists:
   Non-Class:  10.98 MB
       Class:  15.52 MB
        Both:  26.50 MB

MaxMetaspaceSize: unlimited
CompressedClassSpaceSize: 1.00 GB
Initial GC threshold: 21.00 MB
Current GC threshold: 21.00 MB
CDS: off
MetaspaceReclaimPolicy: balanced
 - commit_granule_bytes: 65536.
 - commit_granule_words: 8192.
 - virtual_space_node_default_size: 8388608.
 - enlarge_chunks_in_place: 1.
 - new_chunks_are_fully_committed: 0.
 - uncommit_free_chunks: 1.
 - use_allocation_guard: 0.
 - handle_deallocations: 1.


Internal statistics:

num_allocs_failed_limit: 0.
num_arena_births: 4.
num_arena_deaths: 0.
num_vsnodes_births: 2.
num_vsnodes_deaths: 0.
num_space_committed: 88.
num_space_uncommitted: 0.
num_chunks_returned_to_freelist: 0.
num_chunks_taken_from_freelist: 13.
num_chunk_merges: 0.
num_chunk_splits: 5.
num_chunks_enlarged: 3.
num_purges: 0.
num_inconsistent_stats: 0.

CodeHeap 'non-profiled nmethods': size=120000Kb used=74Kb max_used=74Kb free=119925Kb
 bounds [0x00000131992f0000, 0x0000013199560000, 0x00000131a0820000]
CodeHeap 'profiled nmethods': size=120000Kb used=468Kb max_used=468Kb free=119531Kb
 bounds [0x0000013191820000, 0x0000013191a90000, 0x0000013198d50000]
CodeHeap 'non-nmethods': size=5760Kb used=1063Kb max_used=1075Kb free=4697Kb
 bounds [0x0000013198d50000, 0x0000013198fc0000, 0x00000131992f0000]
 total_blobs=620 nmethods=295 adapters=238
 compilation: enabled
              stopped_count=0, restarted_count=0
 full_count=0

Compilation events (20 events):
Event: 0.369 Thread 0x00000131aa6f85e0  235       1       java.nio.Buffer::limit (5 bytes)
Event: 0.369 Thread 0x00000131aa6f85e0 nmethod 235 0x0000013199301910 code [0x0000013199301aa0, 0x0000013199301b78]
Event: 0.369 Thread 0x00000131aa6f85e0  242   !   3       java.util.zip.ZipFile::getEntry (59 bytes)
Event: 0.369 Thread 0x00000131aa6f7010  244       4       java.util.zip.ZipCoder$UTF8ZipCoder::checkedHash (91 bytes)
Event: 0.369 Thread 0x00000131aa6f85e0 nmethod 242 0x0000013191877a90 code [0x0000013191877c80, 0x00000131918780f8]
Event: 0.369 Thread 0x00000131aa6f85e0  245       3       java.util.zip.ZipFile$Source::checkExtraFields (137 bytes)
Event: 0.370 Thread 0x00000131aa6f85e0 nmethod 245 0x0000013191878390 code [0x0000013191878620, 0x0000013191879258]
Event: 0.370 Thread 0x00000131aa6f85e0  247       3       java.util.jar.Manifest$FastInputStream::readLine (9 bytes)
Event: 0.370 Thread 0x00000131aa6f85e0 nmethod 247 0x0000013191879910 code [0x0000013191879ac0, 0x0000013191879c28]
Event: 0.370 Thread 0x00000131aa6f85e0  243   !   3       jdk.internal.loader.URLClassPath$JarLoader::ensureOpen (36 bytes)
Event: 0.371 Thread 0x00000131aa6f85e0 nmethod 243 0x0000013191879d10 code [0x0000013191879ee0, 0x000001319187a338]
Event: 0.371 Thread 0x00000131aa6f85e0  249       3       java.util.HashMap::get (19 bytes)
Event: 0.371 Thread 0x00000131aa6f85e0 nmethod 249 0x000001319187a510 code [0x000001319187a6c0, 0x000001319187a888]
Event: 0.371 Thread 0x00000131aa6f85e0  250       3       java.util.zip.ZipFile$Source::isManifestName (165 bytes)
Event: 0.372 Thread 0x00000131aa6f85e0 nmethod 250 0x000001319187a990 code [0x000001319187ab60, 0x000001319187b0f8]
Event: 0.372 Thread 0x00000131aa6f85e0  251       3       java.util.jar.Manifest$FastInputStream::peek (38 bytes)
Event: 0.372 Thread 0x00000131aa6f85e0 nmethod 251 0x000001319187b290 code [0x000001319187b440, 0x000001319187b668]
Event: 0.372 Thread 0x00000131aa6f85e0  252       3       java.util.HashMap::resize (356 bytes)
Event: 0.373 Thread 0x00000131aa6f85e0 nmethod 252 0x000001319187b790 code [0x000001319187ba40, 0x000001319187cf68]
Event: 0.373 Thread 0x00000131aa6f85e0  253   !   3       java.util.jar.JarFile::checkForSpecialAttributes (163 bytes)

GC Heap History (0 events):
No events

Deoptimization events (20 events):
Event: 0.339 Thread 0x0000013189f87fe0 DEOPT PACKING pc=0x000001319186107c sp=0x00000002381fd860
Event: 0.339 Thread 0x0000013189f87fe0 DEOPT UNPACKING pc=0x0000013198da2b43 sp=0x00000002381fccf0 mode 0
Event: 0.369 Thread 0x0000013189f87fe0 DEOPT PACKING pc=0x000001319186107c sp=0x00000002381fe450
Event: 0.369 Thread 0x0000013189f87fe0 DEOPT UNPACKING pc=0x0000013198da2b43 sp=0x00000002381fd8e0 mode 0
Event: 0.369 Thread 0x0000013189f87fe0 DEOPT PACKING pc=0x000001319186107c sp=0x00000002381fe450
Event: 0.369 Thread 0x0000013189f87fe0 DEOPT UNPACKING pc=0x0000013198da2b43 sp=0x00000002381fd8e0 mode 0
Event: 0.369 Thread 0x0000013189f87fe0 DEOPT PACKING pc=0x000001319186107c sp=0x00000002381fe450
Event: 0.369 Thread 0x0000013189f87fe0 DEOPT UNPACKING pc=0x0000013198da2b43 sp=0x00000002381fd8e0 mode 0
Event: 0.371 Thread 0x0000013189f87fe0 DEOPT PACKING pc=0x000001319186107c sp=0x00000002381fe450
Event: 0.371 Thread 0x0000013189f87fe0 DEOPT UNPACKING pc=0x0000013198da2b43 sp=0x00000002381fd8e0 mode 0
Event: 0.373 Thread 0x0000013189f87fe0 DEOPT PACKING pc=0x000001319186107c sp=0x00000002381fe440
Event: 0.373 Thread 0x0000013189f87fe0 DEOPT UNPACKING pc=0x0000013198da2b43 sp=0x00000002381fd8d0 mode 0
Event: 0.373 Thread 0x0000013189f87fe0 DEOPT PACKING pc=0x000001319186107c sp=0x00000002381fe440
Event: 0.373 Thread 0x0000013189f87fe0 DEOPT UNPACKING pc=0x0000013198da2b43 sp=0x00000002381fd8d0 mode 0
Event: 0.373 Thread 0x0000013189f87fe0 DEOPT PACKING pc=0x000001319186107c sp=0x00000002381fe440
Event: 0.373 Thread 0x0000013189f87fe0 DEOPT UNPACKING pc=0x0000013198da2b43 sp=0x00000002381fd8d0 mode 0
Event: 0.373 Thread 0x0000013189f87fe0 DEOPT PACKING pc=0x000001319186107c sp=0x00000002381fe440
Event: 0.373 Thread 0x0000013189f87fe0 DEOPT UNPACKING pc=0x0000013198da2b43 sp=0x00000002381fd8d0 mode 0
Event: 0.373 Thread 0x0000013189f87fe0 DEOPT PACKING pc=0x000001319186107c sp=0x00000002381fe440
Event: 0.373 Thread 0x0000013189f87fe0 DEOPT UNPACKING pc=0x0000013198da2b43 sp=0x00000002381fd8d0 mode 0

Classes unloaded (0 events):
No events

Classes redefined (0 events):
No events

Internal exceptions (0 events):
No events

VM Operations (2 events):
Event: 0.288 Executing VM operation: HandshakeAllThreads
Event: 0.288 Executing VM operation: HandshakeAllThreads done

Events (20 events):
Event: 0.365 loading class java/nio/DirectIntBufferRU
Event: 0.365 loading class java/nio/DirectIntBufferRU done
Event: 0.365 loading class jdk/internal/jimage/ImageStringsReader
Event: 0.366 loading class jdk/internal/jimage/ImageStrings
Event: 0.366 loading class jdk/internal/jimage/ImageStrings done
Event: 0.366 loading class jdk/internal/jimage/ImageStringsReader done
Event: 0.366 loading class jdk/internal/jimage/decompressor/Decompressor
Event: 0.366 loading class jdk/internal/jimage/decompressor/Decompressor done
Event: 0.366 loading class jdk/internal/jimage/ImageLocation
Event: 0.366 loading class jdk/internal/jimage/ImageLocation done
Event: 0.367 loading class java/util/Collections$EmptyIterator
Event: 0.367 loading class java/util/Collections$EmptyIterator done
Event: 0.367 loading class java/util/Collections$EmptyEnumeration
Event: 0.367 loading class java/util/Collections$EmptyEnumeration done
Event: 0.367 loading class jdk/internal/loader/BuiltinClassLoader$1
Event: 0.367 loading class jdk/internal/loader/BuiltinClassLoader$1 done
Event: 0.367 loading class java/lang/CompoundEnumeration
Event: 0.367 loading class java/lang/CompoundEnumeration done
Event: 0.368 loading class jdk/internal/loader/URLClassPath$1
Event: 0.368 loading class jdk/internal/loader/URLClassPath$1 done


Dynamic libraries:
0x00007ff60da90000 - 0x00007ff60daa0000 	C:\Program Files\Java\jdk-17\bin\javaw.exe
0x00007ffee0c30000 - 0x00007ffee0e28000 	C:\Windows\SYSTEM32\ntdll.dll
0x00007ffedf8c0000 - 0x00007ffedf982000 	C:\Windows\System32\KERNEL32.DLL
0x00007ffede470000 - 0x00007ffede766000 	C:\Windows\System32\KERNELBASE.dll
0x00007ffedeb60000 - 0x00007ffedec60000 	C:\Windows\System32\ucrtbase.dll
0x00007ffea7f50000 - 0x00007ffea7f69000 	C:\Program Files\Java\jdk-17\bin\jli.dll
0x00007ffea6810000 - 0x00007ffea682b000 	C:\Program Files\Java\jdk-17\bin\VCRUNTIME140.dll
0x00007ffee0a30000 - 0x00007ffee0adf000 	C:\Windows\System32\ADVAPI32.dll
0x00007ffedfc70000 - 0x00007ffedfd0e000 	C:\Windows\System32\msvcrt.dll
0x00007ffedfb30000 - 0x00007ffedfbcf000 	C:\Windows\System32\sechost.dll
0x00007ffee0680000 - 0x00007ffee07a3000 	C:\Windows\System32\RPCRT4.dll
0x00007ffedea70000 - 0x00007ffedea97000 	C:\Windows\System32\bcrypt.dll
0x00007ffedf990000 - 0x00007ffedfb2d000 	C:\Windows\System32\USER32.dll
0x00007ffedeb30000 - 0x00007ffedeb52000 	C:\Windows\System32\win32u.dll
0x00007ffec9de0000 - 0x00007ffeca07a000 	C:\Windows\WinSxS\amd64_microsoft.windows.common-controls_6595b64144ccf1df_6.0.19041.5794_none_60bcd33171f2783c\COMCTL32.dll
0x00007ffedfc40000 - 0x00007ffedfc6b000 	C:\Windows\System32\GDI32.dll
0x00007ffede2d0000 - 0x00007ffede3ea000 	C:\Windows\System32\gdi32full.dll
0x00007ffede7c0000 - 0x00007ffede85d000 	C:\Windows\System32\msvcp_win.dll
0x00007ffed7690000 - 0x00007ffed769a000 	C:\Windows\SYSTEM32\VERSION.dll
0x00007ffedec60000 - 0x00007ffedec8f000 	C:\Windows\System32\IMM32.DLL
0x00007ffebbb10000 - 0x00007ffebbb1c000 	C:\Program Files\Java\jdk-17\bin\vcruntime140_1.dll
0x00007ffe8ced0000 - 0x00007ffe8cf5e000 	C:\Program Files\Java\jdk-17\bin\msvcp140.dll
0x00007ffe8d630000 - 0x00007ffe8e20e000 	C:\Program Files\Java\jdk-17\bin\server\jvm.dll
0x00007ffee0560000 - 0x00007ffee0568000 	C:\Windows\System32\PSAPI.DLL
0x00007ffecd470000 - 0x00007ffecd497000 	C:\Windows\SYSTEM32\WINMM.dll
0x00007ffec20d0000 - 0x00007ffec20d9000 	C:\Windows\SYSTEM32\WSOCK32.dll
0x00007ffee08d0000 - 0x00007ffee093b000 	C:\Windows\System32\WS2_32.dll
0x00007ffedcaf0000 - 0x00007ffedcb02000 	C:\Windows\SYSTEM32\kernel.appcore.dll
0x00007ffed7a20000 - 0x00007ffed7a2a000 	C:\Program Files\Java\jdk-17\bin\jimage.dll
0x00007ffedb650000 - 0x00007ffedb834000 	C:\Windows\SYSTEM32\DBGHELP.DLL
0x00007ffec9440000 - 0x00007ffec9474000 	C:\Windows\SYSTEM32\dbgcore.DLL
0x00007ffedeaa0000 - 0x00007ffedeb22000 	C:\Windows\System32\bcryptPrimitives.dll
0x00007ffec9210000 - 0x00007ffec9235000 	C:\Program Files\Java\jdk-17\bin\java.dll
0x00007ffea8fa0000 - 0x00007ffea9077000 	C:\Program Files\Java\jdk-17\bin\jsvml.dll
0x00007ffedfdf0000 - 0x00007ffee055e000 	C:\Windows\System32\SHELL32.dll
0x00007ffedc330000 - 0x00007ffedcad3000 	C:\Windows\SYSTEM32\windows.storage.dll
0x00007ffedf380000 - 0x00007ffedf6d3000 	C:\Windows\System32\combase.dll
0x00007ffeddd00000 - 0x00007ffeddd2b000 	C:\Windows\SYSTEM32\Wldp.dll
0x00007ffedec90000 - 0x00007ffeded5d000 	C:\Windows\System32\OLEAUT32.dll
0x00007ffee0ae0000 - 0x00007ffee0b8d000 	C:\Windows\System32\SHCORE.dll
0x00007ffedfbe0000 - 0x00007ffedfc35000 	C:\Windows\System32\shlwapi.dll
0x00007ffede200000 - 0x00007ffede225000 	C:\Windows\SYSTEM32\profapi.dll
0x00007ffec60d0000 - 0x00007ffec60e9000 	C:\Program Files\Java\jdk-17\bin\net.dll
0x00007ffed3d10000 - 0x00007ffed3e1a000 	C:\Windows\SYSTEM32\WINHTTP.dll
0x00007ffedda60000 - 0x00007ffeddacc000 	C:\Windows\system32\mswsock.dll
0x00007ffec4c80000 - 0x00007ffec4c96000 	C:\Program Files\Java\jdk-17\bin\nio.dll
0x00007ffec28a0000 - 0x00007ffec28b8000 	C:\Program Files\Java\jdk-17\bin\zip.dll

dbghelp: loaded successfully - version: 4.0.5 - missing functions: none
symbol engine: initialized successfully - sym options: 0x614 - pdb path: .;C:\Program Files\Java\jdk-17\bin;C:\Windows\SYSTEM32;C:\Windows\WinSxS\amd64_microsoft.windows.common-controls_6595b64144ccf1df_6.0.19041.5794_none_60bcd33171f2783c;C:\Program Files\Java\jdk-17\bin\server

VM Arguments:
jvm_args: -Dfile.encoding=UTF-8 -XX:+ShowCodeDetailsInExceptionMessages 
java_command: WebSocket.WebSocketClient
java_class_path (initial): C:\Users\BOUAZIZI\Desktop\Cucumber22\target\classes;C:\Users\BOUAZIZI\.m2\repository\org\seleniumhq\selenium\selenium-java\4.19.1\selenium-java-4.19.1.jar;C:\Users\BOUAZIZI\.m2\repository\org\seleniumhq\selenium\selenium-api\4.19.1\selenium-api-4.19.1.jar;C:\Users\BOUAZIZI\.m2\repository\org\seleniumhq\selenium\selenium-chrome-driver\4.19.1\selenium-chrome-driver-4.19.1.jar;C:\Users\BOUAZIZI\.m2\repository\com\google\auto\service\auto-service-annotations\1.1.1\auto-service-annotations-1.1.1.jar;C:\Users\BOUAZIZI\.m2\repository\org\seleniumhq\selenium\selenium-chromium-driver\4.19.1\selenium-chromium-driver-4.19.1.jar;C:\Users\BOUAZIZI\.m2\repository\org\seleniumhq\selenium\selenium-json\4.19.1\selenium-json-4.19.1.jar;C:\Users\BOUAZIZI\.m2\repository\org\seleniumhq\selenium\selenium-manager\4.19.1\selenium-manager-4.19.1.jar;C:\Users\BOUAZIZI\.m2\repository\org\seleniumhq\selenium\selenium-devtools-v121\4.19.1\selenium-devtools-v121-4.19.1.jar;C:\Users\BOUAZIZI\.m2\repository\org\seleniumhq\selenium\selenium-devtools-v122\4.19.1\selenium-devtools-v122-4.19.1.jar;C:\Users\BOUAZIZI\.m2\repository\org\seleniumhq\selenium\selenium-devtools-v123\4.19.1\selenium-devtools-v123-4.19.1.jar;C:\Users\BOUAZIZI\.m2\repository\org\seleniumhq\selenium\selenium-devtools-v85\4.19.1\selenium-devtools-v85-4.19.1.jar;C:\Users\BOUAZIZI\.m2\repository\org\seleniumhq\selenium\selenium-edge-driver\4.19.1\selenium-edge-driver-4.19.1.jar;C:\Users\BOUAZIZI\.m2\repository\org\seleniumhq\selenium\selenium-firefox-driver\4.19.1\selenium-firefox-driver-4.19.1.jar;C:\Users\BOUAZIZI\.m2\repository\org\seleniumhq\selenium\selenium-http\4.19.1\selenium-http-4.19.1.jar;C:\Users\BOUAZIZI\.m2\repository\dev\failsafe\failsafe\3.3.2\failsafe-3.3.2.jar;C:\Users\BOUAZIZI\.m2\repository\org\seleniumhq\selenium\selenium-ie-driver\4.19.1\selenium-ie-driver-4.19.1.jar;C:\Users\BOUAZIZI\.m2\repository\org\seleniumhq\selenium\selenium-remote-driver\4.19.1\selenium-remote-driver-4.19.1
Launcher Type: SUN_STANDARD

[Global flags]
     intx CICompilerCount                          = 4                                         {product} {ergonomic}
     uint ConcGCThreads                            = 2                                         {product} {ergonomic}
     uint G1ConcRefinementThreads                  = 8                                         {product} {ergonomic}
   size_t G1HeapRegionSize                         = 2097152                                   {product} {ergonomic}
    uintx GCDrainStackTargetSize                   = 64                                        {product} {ergonomic}
   size_t InitialHeapSize                          = 201326592                                 {product} {ergonomic}
   size_t MarkStackSize                            = 4194304                                   {product} {ergonomic}
   size_t MaxHeapSize                              = 3191865344                                {product} {ergonomic}
   size_t MaxNewSize                               = 1914699776                                {product} {ergonomic}
   size_t MinHeapDeltaBytes                        = 2097152                                   {product} {ergonomic}
   size_t MinHeapSize                              = 8388608                                   {product} {ergonomic}
    uintx NonNMethodCodeHeapSize                   = 5839372                                {pd product} {ergonomic}
    uintx NonProfiledCodeHeapSize                  = 122909434                              {pd product} {ergonomic}
    uintx ProfiledCodeHeapSize                     = 122909434                              {pd product} {ergonomic}
    uintx ReservedCodeCacheSize                    = 251658240                              {pd product} {ergonomic}
     bool SegmentedCodeCache                       = true                                      {product} {ergonomic}
     bool ShowCodeDetailsInExceptionMessages       = true                                   {manageable} {command line}
   size_t SoftMaxHeapSize                          = 3191865344                             {manageable} {ergonomic}
     bool UseCompressedClassPointers               = true                           {product lp64_product} {ergonomic}
     bool UseCompressedOops                        = true                           {product lp64_product} {ergonomic}
     bool UseG1GC                                  = true                                      {product} {ergonomic}
     bool UseLargePagesIndividualAllocation        = false                                  {pd product} {ergonomic}

Logging:
Log output configuration:
 #0: stdout all=warning uptime,level,tags
 #1: stderr all=off uptime,level,tags

Environment Variables:
JAVA_HOME=C:\Program Files\Java\jdk-17
PATH=C:/Program Files/Java/jdk-17/bin/server;C:/Program Files/Java/jdk-17/bin;C:\oraclexe\app\oracle\product\10.2.0\server\bin;C:\Program Files (x86)\VMware\VMware Player\bin\;C:\Program Files\Common Files\Oracle\Java\javapath;C:\Program Files (x86)\Common Files\Oracle\Java\java8path;C:\Program Files (x86)\Common Files\Oracle\Java\javapath;C:\Windows\system32;C:\Windows;C:\Windows\System32\Wbem;C:\Windows\System32\WindowsPowerShell\v1.0\;C:\Windows\System32\OpenSSH\;C:\Program Files (x86)\NVIDIA Corporation\PhysX\Common;C:\Program Files\Microsoft SQL Server\150\Tools\Binn\;C:\Program Files\Microsoft SQL Server\Client SDK\ODBC\170\Tools\Binn\;C:\Program Files\dotnet\;C:\Program Files\Java\jdk-17\bin;C:\Program Files (x86)\Microsoft SQL Server\110\Tools\Binn\;C:\Program Files (x86)\Microsoft SQL Server\110\DTS\Binn\;C:\Program Files (x86)\Microsoft SQL Server\Client SDK\ODBC\130\Tools\Binn\;C:\Program Files (x86)\Microsoft SQL Server\140\Tools\Binn\;C:\Program Files (x86)\Microsoft SQL Server\140\DTS\Binn\;C:\Program Files (x86)\Microsoft SQL Server\140\Tools\Binn\ManagementStudio\;C:\Program Files\Microsoft SQL Server\130\DTS\Binn\;C:\Program Files\Microsoft SQL Server\140\DTS\Binn\;C:\Program Files\Microsoft SQL Server\150\DTS\Binn\;C:\Program Files\Microsoft SQL Server\160\DTS\Binn\;C:\Program Files (x86)\Microsoft SQL Server\110\Tools\Binn\ManagementStudio\;C:\Program Files (x86)\Microsoft Visual Studio 10.0\Common7\IDE\PrivateAssemblies\;D:\programmes files\Git\cmd;C:\Program Files\MySQL\MySQL Server 8.0\bin;C:\gcc-13.2.0\bin;C:\Program Files\nodejs\;C:\chromedriver-win64\;;C:\Program Files\NVIDIA Corporation\NVIDIA App\NvDLISR;C:\Users\BOUAZIZI\AppData\Local\Programs\Python\Python312\Scripts\;C:\Users\BOUAZIZI\AppData\Local\Programs\Python\Python312\;C:\Users\BOUAZIZI\AppData\Local\Programs\Python\Launcher\;C:\Users\BOUAZIZI\AppData\Local\Microsoft\WindowsApps;C:\Users\BOUAZIZI\AppData\Local\Programs\Microsoft VS Code\bin;C:\Users\BOUAZIZI\.dotnet\tools;C:\Program 
USERNAME=BOUAZIZI
OS=Windows_NT
PROCESSOR_IDENTIFIER=Intel64 Family 6 Model 158 Stepping 10, GenuineIntel



---------------  S Y S T E M  ---------------

OS:
 Windows 10 , 64 bit Build 19041 (10.0.19041.5794)
OS uptime: 1 days 22:52 hours

CPU: total 8 (initial active 8) (4 cores per cpu, 2 threads per core) family 6 model 158 stepping 10 microcode 0xf0, cx8, cmov, fxsr, ht, mmx, 3dnowpref, sse, sse2, sse3, ssse3, sse4.1, sse4.2, popcnt, lzcnt, tsc, tscinvbit, avx, avx2, aes, erms, clmul, bmi1, bmi2, adx, fma, vzeroupper, clflush, clflushopt

Memory: 4k page, system-wide physical 12168M (367M free)
TotalPageFile size 36744M (AvailPageFile size 3M)
current process WorkingSet (physical memory assigned to process): 42M, peak: 42M
current process commit charge ("private bytes"): 275M, peak: 275M

vm_info: Java HotSpot(TM) 64-Bit Server VM (17.0.8+9-LTS-211) for windows-amd64 JRE (17.0.8+9-LTS-211), built on Jun 14 2023 10:34:31 by "mach5one" with MS VC++ 17.1 (VS2022)

END.
