#
# There is insufficient memory for the Java Runtime Environment to continue.
# Native memory allocation (malloc) failed to allocate 140640 bytes for Chunk::new
# Possible reasons:
#   The system is out of physical RAM or swap space
#   The process is running with CompressedOops enabled, and the Java Heap may be blocking the growth of the native heap
# Possible solutions:
#   Reduce memory load on the system
#   Increase physical memory or swap space
#   Check if swap backing store is full
#   Decrease Java heap size (-Xmx/-Xms)
#   Decrease number of Java threads
#   Decrease Java thread stack sizes (-Xss)
#   Set larger code cache with -XX:ReservedCodeCacheSize=
#   JVM is running with Zero Based Compressed Oops mode in which the Java heap is
#     placed in the first 32GB address space. The Java Heap base address is the
#     maximum limit for the native heap growth. Please use -XX:HeapBaseMinAddress
#     to set the Java Heap base and to place the Java Heap above 32GB virtual address.
# This output file may be truncated or incomplete.
#
#  Out of Memory Error (arena.cpp:189), pid=31196, tid=32208
#
# JRE version: Java(TM) SE Runtime Environment (17.0.8+9) (build 17.0.8+9-LTS-211)
# Java VM: Java HotSpot(TM) 64-Bit Server VM (17.0.8+9-LTS-211, mixed mode, sharing, tiered, compressed oops, compressed class ptrs, g1 gc, windows-amd64)
# No core dump will be written. Minidumps are not enabled by default on client versions of Windows
#

---------------  S U M M A R Y ------------

Command Line: -Dfile.encoding=UTF-8 -XX:+ShowCodeDetailsInExceptionMessages WebSocket.WebSocketClient

Host: Intel(R) Core(TM) i5-8300H CPU @ 2.30GHz, 8 cores, 11G,  Windows 10 , 64 bit Build 19041 (10.0.19041.5794)
Time: Tue Apr 29 17:15:30 2025 Romance Standard Time elapsed time: 0.407431 seconds (0d 0h 0m 0s)

---------------  T H R E A D  ---------------

Current thread (0x00000250edff2910):  JavaThread "C2 CompilerThread0" daemon [_thread_in_native, id=32208, stack(0x000000b5a7b00000,0x000000b5a7c00000)]


Current CompileTask:
C2:    407  542   !   4       java.util.zip.ZipFile$Source::getEntryPos (173 bytes)

Stack: [0x000000b5a7b00000,0x000000b5a7c00000]
Native frames: (J=compiled Java code, j=interpreted, Vv=VM code, C=native code)
V  [jvm.dll+0x677d0a]
V  [jvm.dll+0x7d8c54]
V  [jvm.dll+0x7da3fe]
V  [jvm.dll+0x7daa63]
V  [jvm.dll+0x245c5f]
V  [jvm.dll+0xaaa6b]
V  [jvm.dll+0xab00c]
V  [jvm.dll+0x361e8e]
V  [jvm.dll+0x32c551]
V  [jvm.dll+0x32b9ea]
V  [jvm.dll+0x217fff]
V  [jvm.dll+0x217431]
V  [jvm.dll+0x1a3af0]
V  [jvm.dll+0x2270be]
V  [jvm.dll+0x22535b]
V  [jvm.dll+0x78e7bc]
V  [jvm.dll+0x788bba]
V  [jvm.dll+0x676b35]
C  [ucrtbase.dll+0x21bb2]
C  [KERNEL32.DLL+0x17374]
C  [ntdll.dll+0x4cc91]


---------------  P R O C E S S  ---------------

Threads class SMR info:
_java_thread_list=0x00000250ee43df50, length=13, elements={
0x00000250cb917090, 0x00000250edfae840, 0x00000250edfaf6b0, 0x00000250edfc1bc0,
0x00000250edfc2770, 0x00000250edfc5d60, 0x00000250edfce720, 0x00000250edff2910,
0x00000250edff37c0, 0x00000250ee006980, 0x00000250ee235ad0, 0x00000250ee242610,
0x00000250ee43d9c0
}

Java Threads: ( => current thread )
  0x00000250cb917090 JavaThread "main" [_thread_in_Java, id=32268, stack(0x000000b5a6e00000,0x000000b5a6f00000)]
  0x00000250edfae840 JavaThread "Reference Handler" daemon [_thread_blocked, id=32192, stack(0x000000b5a7500000,0x000000b5a7600000)]
  0x00000250edfaf6b0 JavaThread "Finalizer" daemon [_thread_blocked, id=32180, stack(0x000000b5a7600000,0x000000b5a7700000)]
  0x00000250edfc1bc0 JavaThread "Signal Dispatcher" daemon [_thread_blocked, id=32204, stack(0x000000b5a7700000,0x000000b5a7800000)]
  0x00000250edfc2770 JavaThread "Attach Listener" daemon [_thread_blocked, id=32724, stack(0x000000b5a7800000,0x000000b5a7900000)]
  0x00000250edfc5d60 JavaThread "Service Thread" daemon [_thread_blocked, id=32216, stack(0x000000b5a7900000,0x000000b5a7a00000)]
  0x00000250edfce720 JavaThread "Monitor Deflation Thread" daemon [_thread_blocked, id=32212, stack(0x000000b5a7a00000,0x000000b5a7b00000)]
=>0x00000250edff2910 JavaThread "C2 CompilerThread0" daemon [_thread_in_native, id=32208, stack(0x000000b5a7b00000,0x000000b5a7c00000)]
  0x00000250edff37c0 JavaThread "C1 CompilerThread0" daemon [_thread_blocked, id=32148, stack(0x000000b5a7c00000,0x000000b5a7d00000)]
  0x00000250ee006980 JavaThread "Sweeper thread" daemon [_thread_blocked, id=32224, stack(0x000000b5a7d00000,0x000000b5a7e00000)]
  0x00000250ee235ad0 JavaThread "Notification Thread" daemon [_thread_blocked, id=32132, stack(0x000000b5a7e00000,0x000000b5a7f00000)]
  0x00000250ee242610 JavaThread "Common-Cleaner" daemon [_thread_blocked, id=32176, stack(0x000000b5a8000000,0x000000b5a8100000)]
  0x00000250ee43d9c0 JavaThread "C2 CompilerThread1" daemon [_thread_in_native, id=32648, stack(0x000000b5a8100000,0x000000b5a8200000)]

Other Threads:
  0x00000250edfa85f0 VMThread "VM Thread" [stack: 0x000000b5a7400000,0x000000b5a7500000] [id=32272]
  0x00000250ee237fb0 WatcherThread [stack: 0x000000b5a7f00000,0x000000b5a8000000] [id=32136]
  0x00000250cb971150 GCTaskThread "GC Thread#0" [stack: 0x000000b5a6f00000,0x000000b5a7000000] [id=32196]
  0x00000250cb97ded0 ConcurrentGCThread "G1 Main Marker" [stack: 0x000000b5a7000000,0x000000b5a7100000] [id=32188]
  0x00000250cb980090 ConcurrentGCThread "G1 Conc#0" [stack: 0x000000b5a7100000,0x000000b5a7200000] [id=32184]
  0x00000250cb9d2c60 ConcurrentGCThread "G1 Refine#0" [stack: 0x000000b5a7200000,0x000000b5a7300000] [id=32260]
  0x00000250ede72800 ConcurrentGCThread "G1 Service" [stack: 0x000000b5a7300000,0x000000b5a7400000] [id=32276]

Threads with active compile tasks:
C2 CompilerThread0      441  542   !   4       java.util.zip.ZipFile$Source::getEntryPos (173 bytes)
C2 CompilerThread1      441  573       4       java.util.jar.JarFile::getEntry (35 bytes)

VM state: not at safepoint (normal execution)

VM Mutex/Monitor currently owned by a thread: None

Heap address: 0x0000000741c00000, size: 3044 MB, Compressed Oops mode: Zero based, Oop shift amount: 3

CDS archive(s) mapped at: [0x0000025080000000-0x0000025080bd0000-0x0000025080bd0000), size 12386304, SharedBaseAddress: 0x0000025080000000, ArchiveRelocationMode: 1.
Compressed class space mapped at: 0x0000025081000000-0x00000250c1000000, reserved size: 1073741824
Narrow klass base: 0x0000025080000000, Narrow klass shift: 0, Narrow klass range: 0x100000000

GC Precious Log:
 CPUs: 8 total, 8 available
 Memory: 12168M
 Large Page Support: Disabled
 NUMA Support: Disabled
 Compressed Oops: Enabled (Zero based)
 Heap Region Size: 2M
 Heap Min Capacity: 8M
 Heap Initial Capacity: 192M
 Heap Max Capacity: 3044M
 Pre-touch: Disabled
 Parallel Workers: 8
 Concurrent Workers: 2
 Concurrent Refinement Workers: 8
 Periodic GC: Disabled

Heap:
 garbage-first heap   total 196608K, used 10240K [0x0000000741c00000, 0x0000000800000000)
  region size 2048K, 7 young (14336K), 0 survivors (0K)
 Metaspace       used 1755K, committed 1920K, reserved 1114112K
  class space    used 184K, committed 256K, reserved 1048576K

Heap Regions: E=young(eden), S=young(survivor), O=old, HS=humongous(starts), HC=humongous(continues), CS=collection set, F=free, OA=open archive, CA=closed archive, TAMS=top-at-mark-start (previous, next)
|   0|0x0000000741c00000, 0x0000000741c00000, 0x0000000741e00000|  0%| F|  |TAMS 0x0000000741c00000, 0x0000000741c00000| Untracked 
|   1|0x0000000741e00000, 0x0000000741e00000, 0x0000000742000000|  0%| F|  |TAMS 0x0000000741e00000, 0x0000000741e00000| Untracked 
|   2|0x0000000742000000, 0x0000000742000000, 0x0000000742200000|  0%| F|  |TAMS 0x0000000742000000, 0x0000000742000000| Untracked 
|   3|0x0000000742200000, 0x0000000742200000, 0x0000000742400000|  0%| F|  |TAMS 0x0000000742200000, 0x0000000742200000| Untracked 
|   4|0x0000000742400000, 0x0000000742400000, 0x0000000742600000|  0%| F|  |TAMS 0x0000000742400000, 0x0000000742400000| Untracked 
|   5|0x0000000742600000, 0x0000000742600000, 0x0000000742800000|  0%| F|  |TAMS 0x0000000742600000, 0x0000000742600000| Untracked 
|   6|0x0000000742800000, 0x0000000742800000, 0x0000000742a00000|  0%| F|  |TAMS 0x0000000742800000, 0x0000000742800000| Untracked 
|   7|0x0000000742a00000, 0x0000000742a00000, 0x0000000742c00000|  0%| F|  |TAMS 0x0000000742a00000, 0x0000000742a00000| Untracked 
|   8|0x0000000742c00000, 0x0000000742c00000, 0x0000000742e00000|  0%| F|  |TAMS 0x0000000742c00000, 0x0000000742c00000| Untracked 
|   9|0x0000000742e00000, 0x0000000742e00000, 0x0000000743000000|  0%| F|  |TAMS 0x0000000742e00000, 0x0000000742e00000| Untracked 
|  10|0x0000000743000000, 0x0000000743000000, 0x0000000743200000|  0%| F|  |TAMS 0x0000000743000000, 0x0000000743000000| Untracked 
|  11|0x0000000743200000, 0x0000000743200000, 0x0000000743400000|  0%| F|  |TAMS 0x0000000743200000, 0x0000000743200000| Untracked 
|  12|0x0000000743400000, 0x0000000743400000, 0x0000000743600000|  0%| F|  |TAMS 0x0000000743400000, 0x0000000743400000| Untracked 
|  13|0x0000000743600000, 0x0000000743600000, 0x0000000743800000|  0%| F|  |TAMS 0x0000000743600000, 0x0000000743600000| Untracked 
|  14|0x0000000743800000, 0x0000000743800000, 0x0000000743a00000|  0%| F|  |TAMS 0x0000000743800000, 0x0000000743800000| Untracked 
|  15|0x0000000743a00000, 0x0000000743a00000, 0x0000000743c00000|  0%| F|  |TAMS 0x0000000743a00000, 0x0000000743a00000| Untracked 
|  16|0x0000000743c00000, 0x0000000743c00000, 0x0000000743e00000|  0%| F|  |TAMS 0x0000000743c00000, 0x0000000743c00000| Untracked 
|  17|0x0000000743e00000, 0x0000000743e00000, 0x0000000744000000|  0%| F|  |TAMS 0x0000000743e00000, 0x0000000743e00000| Untracked 
|  18|0x0000000744000000, 0x0000000744000000, 0x0000000744200000|  0%| F|  |TAMS 0x0000000744000000, 0x0000000744000000| Untracked 
|  19|0x0000000744200000, 0x0000000744200000, 0x0000000744400000|  0%| F|  |TAMS 0x0000000744200000, 0x0000000744200000| Untracked 
|  20|0x0000000744400000, 0x0000000744400000, 0x0000000744600000|  0%| F|  |TAMS 0x0000000744400000, 0x0000000744400000| Untracked 
|  21|0x0000000744600000, 0x0000000744600000, 0x0000000744800000|  0%| F|  |TAMS 0x0000000744600000, 0x0000000744600000| Untracked 
|  22|0x0000000744800000, 0x0000000744800000, 0x0000000744a00000|  0%| F|  |TAMS 0x0000000744800000, 0x0000000744800000| Untracked 
|  23|0x0000000744a00000, 0x0000000744a00000, 0x0000000744c00000|  0%| F|  |TAMS 0x0000000744a00000, 0x0000000744a00000| Untracked 
|  24|0x0000000744c00000, 0x0000000744c00000, 0x0000000744e00000|  0%| F|  |TAMS 0x0000000744c00000, 0x0000000744c00000| Untracked 
|  25|0x0000000744e00000, 0x0000000744e00000, 0x0000000745000000|  0%| F|  |TAMS 0x0000000744e00000, 0x0000000744e00000| Untracked 
|  26|0x0000000745000000, 0x0000000745000000, 0x0000000745200000|  0%| F|  |TAMS 0x0000000745000000, 0x0000000745000000| Untracked 
|  27|0x0000000745200000, 0x0000000745200000, 0x0000000745400000|  0%| F|  |TAMS 0x0000000745200000, 0x0000000745200000| Untracked 
|  28|0x0000000745400000, 0x0000000745400000, 0x0000000745600000|  0%| F|  |TAMS 0x0000000745400000, 0x0000000745400000| Untracked 
|  29|0x0000000745600000, 0x0000000745600000, 0x0000000745800000|  0%| F|  |TAMS 0x0000000745600000, 0x0000000745600000| Untracked 
|  30|0x0000000745800000, 0x0000000745800000, 0x0000000745a00000|  0%| F|  |TAMS 0x0000000745800000, 0x0000000745800000| Untracked 
|  31|0x0000000745a00000, 0x0000000745a00000, 0x0000000745c00000|  0%| F|  |TAMS 0x0000000745a00000, 0x0000000745a00000| Untracked 
|  32|0x0000000745c00000, 0x0000000745c00000, 0x0000000745e00000|  0%| F|  |TAMS 0x0000000745c00000, 0x0000000745c00000| Untracked 
|  33|0x0000000745e00000, 0x0000000745e00000, 0x0000000746000000|  0%| F|  |TAMS 0x0000000745e00000, 0x0000000745e00000| Untracked 
|  34|0x0000000746000000, 0x0000000746000000, 0x0000000746200000|  0%| F|  |TAMS 0x0000000746000000, 0x0000000746000000| Untracked 
|  35|0x0000000746200000, 0x0000000746200000, 0x0000000746400000|  0%| F|  |TAMS 0x0000000746200000, 0x0000000746200000| Untracked 
|  36|0x0000000746400000, 0x0000000746400000, 0x0000000746600000|  0%| F|  |TAMS 0x0000000746400000, 0x0000000746400000| Untracked 
|  37|0x0000000746600000, 0x0000000746600000, 0x0000000746800000|  0%| F|  |TAMS 0x0000000746600000, 0x0000000746600000| Untracked 
|  38|0x0000000746800000, 0x0000000746800000, 0x0000000746a00000|  0%| F|  |TAMS 0x0000000746800000, 0x0000000746800000| Untracked 
|  39|0x0000000746a00000, 0x0000000746a00000, 0x0000000746c00000|  0%| F|  |TAMS 0x0000000746a00000, 0x0000000746a00000| Untracked 
|  40|0x0000000746c00000, 0x0000000746c00000, 0x0000000746e00000|  0%| F|  |TAMS 0x0000000746c00000, 0x0000000746c00000| Untracked 
|  41|0x0000000746e00000, 0x0000000746e00000, 0x0000000747000000|  0%| F|  |TAMS 0x0000000746e00000, 0x0000000746e00000| Untracked 
|  42|0x0000000747000000, 0x0000000747000000, 0x0000000747200000|  0%| F|  |TAMS 0x0000000747000000, 0x0000000747000000| Untracked 
|  43|0x0000000747200000, 0x0000000747200000, 0x0000000747400000|  0%| F|  |TAMS 0x0000000747200000, 0x0000000747200000| Untracked 
|  44|0x0000000747400000, 0x0000000747400000, 0x0000000747600000|  0%| F|  |TAMS 0x0000000747400000, 0x0000000747400000| Untracked 
|  45|0x0000000747600000, 0x0000000747600000, 0x0000000747800000|  0%| F|  |TAMS 0x0000000747600000, 0x0000000747600000| Untracked 
|  46|0x0000000747800000, 0x0000000747800000, 0x0000000747a00000|  0%| F|  |TAMS 0x0000000747800000, 0x0000000747800000| Untracked 
|  47|0x0000000747a00000, 0x0000000747a00000, 0x0000000747c00000|  0%| F|  |TAMS 0x0000000747a00000, 0x0000000747a00000| Untracked 
|  48|0x0000000747c00000, 0x0000000747c00000, 0x0000000747e00000|  0%| F|  |TAMS 0x0000000747c00000, 0x0000000747c00000| Untracked 
|  49|0x0000000747e00000, 0x0000000747e00000, 0x0000000748000000|  0%| F|  |TAMS 0x0000000747e00000, 0x0000000747e00000| Untracked 
|  50|0x0000000748000000, 0x0000000748000000, 0x0000000748200000|  0%| F|  |TAMS 0x0000000748000000, 0x0000000748000000| Untracked 
|  51|0x0000000748200000, 0x0000000748200000, 0x0000000748400000|  0%| F|  |TAMS 0x0000000748200000, 0x0000000748200000| Untracked 
|  52|0x0000000748400000, 0x0000000748400000, 0x0000000748600000|  0%| F|  |TAMS 0x0000000748400000, 0x0000000748400000| Untracked 
|  53|0x0000000748600000, 0x0000000748600000, 0x0000000748800000|  0%| F|  |TAMS 0x0000000748600000, 0x0000000748600000| Untracked 
|  54|0x0000000748800000, 0x0000000748800000, 0x0000000748a00000|  0%| F|  |TAMS 0x0000000748800000, 0x0000000748800000| Untracked 
|  55|0x0000000748a00000, 0x0000000748a00000, 0x0000000748c00000|  0%| F|  |TAMS 0x0000000748a00000, 0x0000000748a00000| Untracked 
|  56|0x0000000748c00000, 0x0000000748c00000, 0x0000000748e00000|  0%| F|  |TAMS 0x0000000748c00000, 0x0000000748c00000| Untracked 
|  57|0x0000000748e00000, 0x0000000748e00000, 0x0000000749000000|  0%| F|  |TAMS 0x0000000748e00000, 0x0000000748e00000| Untracked 
|  58|0x0000000749000000, 0x0000000749000000, 0x0000000749200000|  0%| F|  |TAMS 0x0000000749000000, 0x0000000749000000| Untracked 
|  59|0x0000000749200000, 0x0000000749200000, 0x0000000749400000|  0%| F|  |TAMS 0x0000000749200000, 0x0000000749200000| Untracked 
|  60|0x0000000749400000, 0x0000000749400000, 0x0000000749600000|  0%| F|  |TAMS 0x0000000749400000, 0x0000000749400000| Untracked 
|  61|0x0000000749600000, 0x0000000749600000, 0x0000000749800000|  0%| F|  |TAMS 0x0000000749600000, 0x0000000749600000| Untracked 
|  62|0x0000000749800000, 0x0000000749800000, 0x0000000749a00000|  0%| F|  |TAMS 0x0000000749800000, 0x0000000749800000| Untracked 
|  63|0x0000000749a00000, 0x0000000749a00000, 0x0000000749c00000|  0%| F|  |TAMS 0x0000000749a00000, 0x0000000749a00000| Untracked 
|  64|0x0000000749c00000, 0x0000000749c00000, 0x0000000749e00000|  0%| F|  |TAMS 0x0000000749c00000, 0x0000000749c00000| Untracked 
|  65|0x0000000749e00000, 0x0000000749e00000, 0x000000074a000000|  0%| F|  |TAMS 0x0000000749e00000, 0x0000000749e00000| Untracked 
|  66|0x000000074a000000, 0x000000074a000000, 0x000000074a200000|  0%| F|  |TAMS 0x000000074a000000, 0x000000074a000000| Untracked 
|  67|0x000000074a200000, 0x000000074a200000, 0x000000074a400000|  0%| F|  |TAMS 0x000000074a200000, 0x000000074a200000| Untracked 
|  68|0x000000074a400000, 0x000000074a400000, 0x000000074a600000|  0%| F|  |TAMS 0x000000074a400000, 0x000000074a400000| Untracked 
|  69|0x000000074a600000, 0x000000074a600000, 0x000000074a800000|  0%| F|  |TAMS 0x000000074a600000, 0x000000074a600000| Untracked 
|  70|0x000000074a800000, 0x000000074a800000, 0x000000074aa00000|  0%| F|  |TAMS 0x000000074a800000, 0x000000074a800000| Untracked 
|  71|0x000000074aa00000, 0x000000074aa00000, 0x000000074ac00000|  0%| F|  |TAMS 0x000000074aa00000, 0x000000074aa00000| Untracked 
|  72|0x000000074ac00000, 0x000000074ac00000, 0x000000074ae00000|  0%| F|  |TAMS 0x000000074ac00000, 0x000000074ac00000| Untracked 
|  73|0x000000074ae00000, 0x000000074ae00000, 0x000000074b000000|  0%| F|  |TAMS 0x000000074ae00000, 0x000000074ae00000| Untracked 
|  74|0x000000074b000000, 0x000000074b000000, 0x000000074b200000|  0%| F|  |TAMS 0x000000074b000000, 0x000000074b000000| Untracked 
|  75|0x000000074b200000, 0x000000074b200000, 0x000000074b400000|  0%| F|  |TAMS 0x000000074b200000, 0x000000074b200000| Untracked 
|  76|0x000000074b400000, 0x000000074b400000, 0x000000074b600000|  0%| F|  |TAMS 0x000000074b400000, 0x000000074b400000| Untracked 
|  77|0x000000074b600000, 0x000000074b600000, 0x000000074b800000|  0%| F|  |TAMS 0x000000074b600000, 0x000000074b600000| Untracked 
|  78|0x000000074b800000, 0x000000074b800000, 0x000000074ba00000|  0%| F|  |TAMS 0x000000074b800000, 0x000000074b800000| Untracked 
|  79|0x000000074ba00000, 0x000000074ba00000, 0x000000074bc00000|  0%| F|  |TAMS 0x000000074ba00000, 0x000000074ba00000| Untracked 
|  80|0x000000074bc00000, 0x000000074bc00000, 0x000000074be00000|  0%| F|  |TAMS 0x000000074bc00000, 0x000000074bc00000| Untracked 
|  81|0x000000074be00000, 0x000000074be00000, 0x000000074c000000|  0%| F|  |TAMS 0x000000074be00000, 0x000000074be00000| Untracked 
|  82|0x000000074c000000, 0x000000074c000000, 0x000000074c200000|  0%| F|  |TAMS 0x000000074c000000, 0x000000074c000000| Untracked 
|  83|0x000000074c200000, 0x000000074c200000, 0x000000074c400000|  0%| F|  |TAMS 0x000000074c200000, 0x000000074c200000| Untracked 
|  84|0x000000074c400000, 0x000000074c400000, 0x000000074c600000|  0%| F|  |TAMS 0x000000074c400000, 0x000000074c400000| Untracked 
|  85|0x000000074c600000, 0x000000074c600000, 0x000000074c800000|  0%| F|  |TAMS 0x000000074c600000, 0x000000074c600000| Untracked 
|  86|0x000000074c800000, 0x000000074c800000, 0x000000074ca00000|  0%| F|  |TAMS 0x000000074c800000, 0x000000074c800000| Untracked 
|  87|0x000000074ca00000, 0x000000074ca00000, 0x000000074cc00000|  0%| F|  |TAMS 0x000000074ca00000, 0x000000074ca00000| Untracked 
|  88|0x000000074cc00000, 0x000000074cc00000, 0x000000074ce00000|  0%| F|  |TAMS 0x000000074cc00000, 0x000000074cc00000| Untracked 
|  89|0x000000074ce00000, 0x000000074cee1ce8, 0x000000074d000000| 44%| E|  |TAMS 0x000000074ce00000, 0x000000074ce00000| Complete 
|  90|0x000000074d000000, 0x000000074d200000, 0x000000074d200000|100%| E|CS|TAMS 0x000000074d000000, 0x000000074d000000| Complete 
|  91|0x000000074d200000, 0x000000074d400000, 0x000000074d400000|100%| E|CS|TAMS 0x000000074d200000, 0x000000074d200000| Complete 
|  92|0x000000074d400000, 0x000000074d600000, 0x000000074d600000|100%| E|  |TAMS 0x000000074d400000, 0x000000074d400000| Complete 
|  93|0x000000074d600000, 0x000000074d800000, 0x000000074d800000|100%| E|CS|TAMS 0x000000074d600000, 0x000000074d600000| Complete 
|  94|0x000000074d800000, 0x000000074da00000, 0x000000074da00000|100%| E|CS|TAMS 0x000000074d800000, 0x000000074d800000| Complete 
|  95|0x000000074da00000, 0x000000074dc00000, 0x000000074dc00000|100%| E|CS|TAMS 0x000000074da00000, 0x000000074da00000| Complete 

Card table byte_map: [0x00000250e4a00000,0x00000250e5000000] _byte_map_base: 0x00000250e0ff2000

Marking Bits (Prev, Next): (CMBitMap*) 0x00000250cb971760, (CMBitMap*) 0x00000250cb9717a0
 Prev Bits: [0x00000250e5600000, 0x00000250e8590000)
 Next Bits: [0x00000250e8590000, 0x00000250eb520000)

Polling page: 0x00000250cb9e0000

Metaspace:

Usage:
  Non-class:      1.57 MB used.
      Class:    189.09 KB used.
       Both:      1.75 MB used.

Virtual space:
  Non-class space:       64.00 MB reserved,       1.69 MB (  3%) committed,  1 nodes.
      Class space:        1.00 GB reserved,     256.00 KB ( <1%) committed,  1 nodes.
             Both:        1.06 GB reserved,       1.94 MB ( <1%) committed. 

Chunk freelists:
   Non-Class:  11.55 MB
       Class:  15.66 MB
        Both:  27.20 MB

MaxMetaspaceSize: unlimited
CompressedClassSpaceSize: 1.00 GB
Initial GC threshold: 21.00 MB
Current GC threshold: 21.00 MB
CDS: on
MetaspaceReclaimPolicy: balanced
 - commit_granule_bytes: 65536.
 - commit_granule_words: 8192.
 - virtual_space_node_default_size: 8388608.
 - enlarge_chunks_in_place: 1.
 - new_chunks_are_fully_committed: 0.
 - uncommit_free_chunks: 1.
 - use_allocation_guard: 0.
 - handle_deallocations: 1.


Internal statistics:

num_allocs_failed_limit: 0.
num_arena_births: 30.
num_arena_deaths: 0.
num_vsnodes_births: 2.
num_vsnodes_deaths: 0.
num_space_committed: 31.
num_space_uncommitted: 0.
num_chunks_returned_to_freelist: 0.
num_chunks_taken_from_freelist: 55.
num_chunk_merges: 0.
num_chunk_splits: 40.
num_chunks_enlarged: 32.
num_purges: 0.
num_inconsistent_stats: 0.

CodeHeap 'non-profiled nmethods': size=120000Kb used=198Kb max_used=198Kb free=119801Kb
 bounds [0x00000250dc450000, 0x00000250dc6c0000, 0x00000250e3980000]
CodeHeap 'profiled nmethods': size=120000Kb used=948Kb max_used=948Kb free=119051Kb
 bounds [0x00000250d4980000, 0x00000250d4bf0000, 0x00000250dbeb0000]
CodeHeap 'non-nmethods': size=5760Kb used=1121Kb max_used=1140Kb free=4638Kb
 bounds [0x00000250dbeb0000, 0x00000250dc120000, 0x00000250dc450000]
 total_blobs=1011 nmethods=609 adapters=315
 compilation: enabled
              stopped_count=0, restarted_count=0
 full_count=0

Compilation events (20 events):
Event: 0.388 Thread 0x00000250edff37c0 nmethod 557 0x00000250d4a4c110 code [0x00000250d4a4c3c0, 0x00000250d4a4d098]
Event: 0.388 Thread 0x00000250edff37c0  558       3       java.util.zip.InflaterInputStream::ensureOpen (18 bytes)
Event: 0.389 Thread 0x00000250edff37c0 nmethod 558 0x00000250d4a4d610 code [0x00000250d4a4d7c0, 0x00000250d4a4d9c8]
Event: 0.389 Thread 0x00000250edff37c0  559       1       java.lang.NamedPackage::module (5 bytes)
Event: 0.392 Thread 0x00000250edff37c0 nmethod 559 0x00000250dc47d510 code [0x00000250dc47d6a0, 0x00000250dc47d778]
Event: 0.394 Thread 0x00000250edff37c0  560       3       java.util.Arrays::copyOf (40 bytes)
Event: 0.397 Thread 0x00000250edff37c0 nmethod 560 0x00000250d4a4da90 code [0x00000250d4a4dc80, 0x00000250d4a4e368]
Event: 0.398 Thread 0x00000250edff37c0  562       3       java.lang.reflect.Modifier::isProtected (12 bytes)
Event: 0.400 Thread 0x00000250edff37c0 nmethod 562 0x00000250d4a4e590 code [0x00000250d4a4e720, 0x00000250d4a4e878]
Event: 0.400 Thread 0x00000250edff37c0  563       3       sun.net.www.ParseUtil::encodePath (41 bytes)
Event: 0.401 Thread 0x00000250edff37c0 nmethod 563 0x00000250d4a4e910 code [0x00000250d4a4eae0, 0x00000250d4a4ed48]
Event: 0.402 Thread 0x00000250edff37c0  564       3       java.lang.String::indexOf (64 bytes)
Event: 0.402 Thread 0x00000250edff37c0 nmethod 564 0x00000250d4a4ee10 code [0x00000250d4a4f020, 0x00000250d4a4f508]
Event: 0.402 Thread 0x00000250edff37c0  565       3       java.lang.StringLatin1::indexOf (25 bytes)
Event: 0.403 Thread 0x00000250edff37c0 nmethod 565 0x00000250d4a4f690 code [0x00000250d4a4f840, 0x00000250d4a4fa48]
Event: 0.403 Thread 0x00000250edff37c0  566       3       jdk.internal.access.SharedSecrets::javaUtilJarAccess (19 bytes)
Event: 0.403 Thread 0x00000250edff37c0 nmethod 566 0x00000250d4a4fb10 code [0x00000250d4a4fd00, 0x00000250d4a500c8]
Event: 0.403 Thread 0x00000250edff37c0  567       3       java.net.URL::<init> (8 bytes)
Event: 0.403 Thread 0x00000250edff37c0 nmethod 567 0x00000250d4a50290 code [0x00000250d4a50440, 0x00000250d4a50588]
Event: 0.403 Thread 0x00000250edff37c0  568   !   3       java.net.URL::<init> (543 bytes)

GC Heap History (0 events):
No events

Deoptimization events (20 events):
Event: 0.127 Thread 0x00000250cb917090 DEOPT PACKING pc=0x00000250dc451200 sp=0x000000b5a6eff070
Event: 0.127 Thread 0x00000250cb917090 DEOPT UNPACKING pc=0x00000250dbf023a3 sp=0x000000b5a6efefb0 mode 2
Event: 0.154 Thread 0x00000250cb917090 DEOPT PACKING pc=0x00000250d4988267 sp=0x000000b5a6efd7b0
Event: 0.154 Thread 0x00000250cb917090 DEOPT UNPACKING pc=0x00000250dbf02b43 sp=0x000000b5a6efcbd0 mode 0
Event: 0.201 Thread 0x00000250cb917090 Uncommon trap: trap_request=0xffffff45 fr.pc=0x00000250dc459f84 relative=0x00000000000004c4
Event: 0.201 Thread 0x00000250cb917090 Uncommon trap: reason=unstable_if action=reinterpret pc=0x00000250dc459f84 method=java.util.zip.ZipCoder$UTF8ZipCoder.checkedHash([BII)I @ 27 c2
Event: 0.201 Thread 0x00000250cb917090 DEOPT PACKING pc=0x00000250dc459f84 sp=0x000000b5a6efda30
Event: 0.201 Thread 0x00000250cb917090 DEOPT UNPACKING pc=0x00000250dbf023a3 sp=0x000000b5a6efd910 mode 2
Event: 0.201 Thread 0x00000250cb917090 Uncommon trap: trap_request=0xffffff45 fr.pc=0x00000250dc4550a4 relative=0x0000000000000204
Event: 0.201 Thread 0x00000250cb917090 Uncommon trap: reason=unstable_if action=reinterpret pc=0x00000250dc4550a4 method=java.util.zip.ZipCoder$UTF8ZipCoder.checkedHash([BII)I @ 27 c2
Event: 0.201 Thread 0x00000250cb917090 DEOPT PACKING pc=0x00000250dc4550a4 sp=0x000000b5a6efd980
Event: 0.201 Thread 0x00000250cb917090 DEOPT UNPACKING pc=0x00000250dbf023a3 sp=0x000000b5a6efd918 mode 2
Event: 0.254 Thread 0x00000250cb917090 DEOPT PACKING pc=0x00000250d49d0e04 sp=0x000000b5a6efe5b0
Event: 0.254 Thread 0x00000250cb917090 DEOPT UNPACKING pc=0x00000250dbf02b43 sp=0x000000b5a6efda60 mode 0
Event: 0.261 Thread 0x00000250cb917090 DEOPT PACKING pc=0x00000250d49ac8d6 sp=0x000000b5a6efe590
Event: 0.261 Thread 0x00000250cb917090 DEOPT UNPACKING pc=0x00000250dbf02b43 sp=0x000000b5a6efda18 mode 0
Event: 0.270 Thread 0x00000250cb917090 Uncommon trap: trap_request=0xffffff45 fr.pc=0x00000250dc458164 relative=0x0000000000000064
Event: 0.270 Thread 0x00000250cb917090 Uncommon trap: reason=unstable_if action=reinterpret pc=0x00000250dc458164 method=java.io.WinNTFileSystem.isSlash(C)Z @ 9 c2
Event: 0.270 Thread 0x00000250cb917090 DEOPT PACKING pc=0x00000250dc458164 sp=0x000000b5a6efec50
Event: 0.270 Thread 0x00000250cb917090 DEOPT UNPACKING pc=0x00000250dbf023a3 sp=0x000000b5a6efebd8 mode 2

Classes unloaded (0 events):
No events

Classes redefined (0 events):
No events

Internal exceptions (4 events):
Event: 0.306 Thread 0x00000250cb917090 Exception <a 'java/lang/NoSuchMethodError'{0x000000074d002f20}: 'java.lang.Object java.lang.invoke.DirectMethodHandle$Holder.invokeStaticInit(java.lang.Object)'> (0x000000074d002f20) 
thrown [s\open\src\hotspot\share\interpreter\linkResolver.cpp, line 759]
Event: 0.311 Thread 0x00000250cb917090 Exception <a 'sun/nio/fs/WindowsException'{0x000000074d01a130}> (0x000000074d01a130) 
thrown [s\open\src\hotspot\share\prims\jni.cpp, line 516]
Event: 0.324 Thread 0x00000250cb917090 Exception <a 'java/lang/reflect/InvocationTargetException'{0x000000074d058510}> (0x000000074d058510) 
thrown [s\open\src\hotspot\share\runtime\reflection.cpp, line 1121]
Event: 0.325 Thread 0x00000250cb917090 Exception <a 'java/lang/reflect/InvocationTargetException'{0x000000074d058e50}> (0x000000074d058e50) 
thrown [s\open\src\hotspot\share\runtime\reflection.cpp, line 1121]

VM Operations (8 events):
Event: 0.156 Executing VM operation: HandshakeAllThreads
Event: 0.156 Executing VM operation: HandshakeAllThreads done
Event: 0.270 Executing VM operation: HandshakeAllThreads
Event: 0.270 Executing VM operation: HandshakeAllThreads done
Event: 0.312 Executing VM operation: HandshakeAllThreads
Event: 0.312 Executing VM operation: HandshakeAllThreads done
Event: 0.322 Executing VM operation: HandshakeAllThreads
Event: 0.322 Executing VM operation: HandshakeAllThreads done

Events (20 events):
Event: 0.379 loading class sun/reflect/generics/repository/GenericDeclRepository done
Event: 0.379 loading class sun/reflect/generics/repository/ClassRepository done
Event: 0.379 loading class sun/reflect/generics/tree/FormalTypeParameter
Event: 0.379 loading class sun/reflect/generics/tree/FormalTypeParameter done
Event: 0.379 loading class sun/reflect/generics/tree/ClassSignature
Event: 0.379 loading class sun/reflect/generics/tree/Signature
Event: 0.380 loading class sun/reflect/generics/tree/Signature done
Event: 0.380 loading class sun/reflect/generics/tree/ClassSignature done
Event: 0.380 loading class sun/reflect/generics/tree/TypeVariableSignature
Event: 0.380 loading class sun/reflect/generics/tree/TypeVariableSignature done
Event: 0.380 loading class java/lang/reflect/TypeVariable
Event: 0.380 loading class java/lang/reflect/TypeVariable done
Event: 0.380 loading class sun/reflect/generics/reflectiveObjects/TypeVariableImpl
Event: 0.380 loading class sun/reflect/generics/reflectiveObjects/LazyReflectiveObjectGenerator
Event: 0.380 loading class sun/reflect/generics/reflectiveObjects/LazyReflectiveObjectGenerator done
Event: 0.380 loading class sun/reflect/generics/reflectiveObjects/TypeVariableImpl done
Event: 0.380 loading class sun/reflect/generics/reflectiveObjects/ParameterizedTypeImpl
Event: 0.380 loading class java/lang/reflect/ParameterizedType
Event: 0.380 loading class java/lang/reflect/ParameterizedType done
Event: 0.380 loading class sun/reflect/generics/reflectiveObjects/ParameterizedTypeImpl done


Dynamic libraries:
0x00007ff60da90000 - 0x00007ff60daa0000 	C:\Program Files\Java\jdk-17\bin\javaw.exe
0x00007ffee0c30000 - 0x00007ffee0e28000 	C:\Windows\SYSTEM32\ntdll.dll
0x00007ffedf8c0000 - 0x00007ffedf982000 	C:\Windows\System32\KERNEL32.DLL
0x00007ffede470000 - 0x00007ffede766000 	C:\Windows\System32\KERNELBASE.dll
0x00007ffedeb60000 - 0x00007ffedec60000 	C:\Windows\System32\ucrtbase.dll
0x00007ffea7f50000 - 0x00007ffea7f69000 	C:\Program Files\Java\jdk-17\bin\jli.dll
0x00007ffea6810000 - 0x00007ffea682b000 	C:\Program Files\Java\jdk-17\bin\VCRUNTIME140.dll
0x00007ffee0a30000 - 0x00007ffee0adf000 	C:\Windows\System32\ADVAPI32.dll
0x00007ffedfc70000 - 0x00007ffedfd0e000 	C:\Windows\System32\msvcrt.dll
0x00007ffedfb30000 - 0x00007ffedfbcf000 	C:\Windows\System32\sechost.dll
0x00007ffee0680000 - 0x00007ffee07a3000 	C:\Windows\System32\RPCRT4.dll
0x00007ffedea70000 - 0x00007ffedea97000 	C:\Windows\System32\bcrypt.dll
0x00007ffedf990000 - 0x00007ffedfb2d000 	C:\Windows\System32\USER32.dll
0x00007ffec9de0000 - 0x00007ffeca07a000 	C:\Windows\WinSxS\amd64_microsoft.windows.common-controls_6595b64144ccf1df_6.0.19041.5794_none_60bcd33171f2783c\COMCTL32.dll
0x00007ffedeb30000 - 0x00007ffedeb52000 	C:\Windows\System32\win32u.dll
0x00007ffedfc40000 - 0x00007ffedfc6b000 	C:\Windows\System32\GDI32.dll
0x00007ffede2d0000 - 0x00007ffede3ea000 	C:\Windows\System32\gdi32full.dll
0x00007ffede7c0000 - 0x00007ffede85d000 	C:\Windows\System32\msvcp_win.dll
0x00007ffed7690000 - 0x00007ffed769a000 	C:\Windows\SYSTEM32\VERSION.dll
0x00007ffedec60000 - 0x00007ffedec8f000 	C:\Windows\System32\IMM32.DLL
0x00007ffebbb10000 - 0x00007ffebbb1c000 	C:\Program Files\Java\jdk-17\bin\vcruntime140_1.dll
0x00007ffe8ced0000 - 0x00007ffe8cf5e000 	C:\Program Files\Java\jdk-17\bin\msvcp140.dll
0x00007ffe8d630000 - 0x00007ffe8e20e000 	C:\Program Files\Java\jdk-17\bin\server\jvm.dll
0x00007ffee0560000 - 0x00007ffee0568000 	C:\Windows\System32\PSAPI.DLL
0x00007ffec20d0000 - 0x00007ffec20d9000 	C:\Windows\SYSTEM32\WSOCK32.dll
0x00007ffecd470000 - 0x00007ffecd497000 	C:\Windows\SYSTEM32\WINMM.dll
0x00007ffee08d0000 - 0x00007ffee093b000 	C:\Windows\System32\WS2_32.dll
0x00007ffedcaf0000 - 0x00007ffedcb02000 	C:\Windows\SYSTEM32\kernel.appcore.dll
0x00007ffed7a20000 - 0x00007ffed7a2a000 	C:\Program Files\Java\jdk-17\bin\jimage.dll
0x00007ffedb650000 - 0x00007ffedb834000 	C:\Windows\SYSTEM32\DBGHELP.DLL
0x00007ffec9440000 - 0x00007ffec9474000 	C:\Windows\SYSTEM32\dbgcore.DLL
0x00007ffedeaa0000 - 0x00007ffedeb22000 	C:\Windows\System32\bcryptPrimitives.dll
0x00007ffec9210000 - 0x00007ffec9235000 	C:\Program Files\Java\jdk-17\bin\java.dll
0x00007ffea8fa0000 - 0x00007ffea9077000 	C:\Program Files\Java\jdk-17\bin\jsvml.dll
0x00007ffedfdf0000 - 0x00007ffee055e000 	C:\Windows\System32\SHELL32.dll
0x00007ffedc330000 - 0x00007ffedcad3000 	C:\Windows\SYSTEM32\windows.storage.dll
0x00007ffedf380000 - 0x00007ffedf6d3000 	C:\Windows\System32\combase.dll
0x00007ffeddd00000 - 0x00007ffeddd2b000 	C:\Windows\SYSTEM32\Wldp.dll
0x00007ffedec90000 - 0x00007ffeded5d000 	C:\Windows\System32\OLEAUT32.dll
0x00007ffee0ae0000 - 0x00007ffee0b8d000 	C:\Windows\System32\SHCORE.dll
0x00007ffedfbe0000 - 0x00007ffedfc35000 	C:\Windows\System32\shlwapi.dll
0x00007ffede200000 - 0x00007ffede225000 	C:\Windows\SYSTEM32\profapi.dll
0x00007ffec60d0000 - 0x00007ffec60e9000 	C:\Program Files\Java\jdk-17\bin\net.dll
0x00007ffed3d10000 - 0x00007ffed3e1a000 	C:\Windows\SYSTEM32\WINHTTP.dll
0x00007ffedda60000 - 0x00007ffeddacc000 	C:\Windows\system32\mswsock.dll
0x00007ffec4c80000 - 0x00007ffec4c96000 	C:\Program Files\Java\jdk-17\bin\nio.dll
0x00007ffec28a0000 - 0x00007ffec28b8000 	C:\Program Files\Java\jdk-17\bin\zip.dll

dbghelp: loaded successfully - version: 4.0.5 - missing functions: none
symbol engine: initialized successfully - sym options: 0x614 - pdb path: .;C:\Program Files\Java\jdk-17\bin;C:\Windows\SYSTEM32;C:\Windows\WinSxS\amd64_microsoft.windows.common-controls_6595b64144ccf1df_6.0.19041.5794_none_60bcd33171f2783c;C:\Program Files\Java\jdk-17\bin\server

VM Arguments:
jvm_args: -Dfile.encoding=UTF-8 -XX:+ShowCodeDetailsInExceptionMessages 
java_command: WebSocket.WebSocketClient
java_class_path (initial): C:\Users\BOUAZIZI\Desktop\Cucumber22\target\classes;C:\Users\BOUAZIZI\.m2\repository\org\seleniumhq\selenium\selenium-java\4.19.1\selenium-java-4.19.1.jar;C:\Users\BOUAZIZI\.m2\repository\org\seleniumhq\selenium\selenium-api\4.19.1\selenium-api-4.19.1.jar;C:\Users\BOUAZIZI\.m2\repository\org\seleniumhq\selenium\selenium-chrome-driver\4.19.1\selenium-chrome-driver-4.19.1.jar;C:\Users\BOUAZIZI\.m2\repository\com\google\auto\service\auto-service-annotations\1.1.1\auto-service-annotations-1.1.1.jar;C:\Users\BOUAZIZI\.m2\repository\org\seleniumhq\selenium\selenium-chromium-driver\4.19.1\selenium-chromium-driver-4.19.1.jar;C:\Users\BOUAZIZI\.m2\repository\org\seleniumhq\selenium\selenium-json\4.19.1\selenium-json-4.19.1.jar;C:\Users\BOUAZIZI\.m2\repository\org\seleniumhq\selenium\selenium-manager\4.19.1\selenium-manager-4.19.1.jar;C:\Users\BOUAZIZI\.m2\repository\org\seleniumhq\selenium\selenium-devtools-v121\4.19.1\selenium-devtools-v121-4.19.1.jar;C:\Users\BOUAZIZI\.m2\repository\org\seleniumhq\selenium\selenium-devtools-v122\4.19.1\selenium-devtools-v122-4.19.1.jar;C:\Users\BOUAZIZI\.m2\repository\org\seleniumhq\selenium\selenium-devtools-v123\4.19.1\selenium-devtools-v123-4.19.1.jar;C:\Users\BOUAZIZI\.m2\repository\org\seleniumhq\selenium\selenium-devtools-v85\4.19.1\selenium-devtools-v85-4.19.1.jar;C:\Users\BOUAZIZI\.m2\repository\org\seleniumhq\selenium\selenium-edge-driver\4.19.1\selenium-edge-driver-4.19.1.jar;C:\Users\BOUAZIZI\.m2\repository\org\seleniumhq\selenium\selenium-firefox-driver\4.19.1\selenium-firefox-driver-4.19.1.jar;C:\Users\BOUAZIZI\.m2\repository\org\seleniumhq\selenium\selenium-http\4.19.1\selenium-http-4.19.1.jar;C:\Users\BOUAZIZI\.m2\repository\dev\failsafe\failsafe\3.3.2\failsafe-3.3.2.jar;C:\Users\BOUAZIZI\.m2\repository\org\seleniumhq\selenium\selenium-ie-driver\4.19.1\selenium-ie-driver-4.19.1.jar;C:\Users\BOUAZIZI\.m2\repository\org\seleniumhq\selenium\selenium-remote-driver\4.19.1\selenium-remote-driver-4.19.1
Launcher Type: SUN_STANDARD

[Global flags]
     intx CICompilerCount                          = 4                                         {product} {ergonomic}
     uint ConcGCThreads                            = 2                                         {product} {ergonomic}
     uint G1ConcRefinementThreads                  = 8                                         {product} {ergonomic}
   size_t G1HeapRegionSize                         = 2097152                                   {product} {ergonomic}
    uintx GCDrainStackTargetSize                   = 64                                        {product} {ergonomic}
   size_t InitialHeapSize                          = 201326592                                 {product} {ergonomic}
   size_t MarkStackSize                            = 4194304                                   {product} {ergonomic}
   size_t MaxHeapSize                              = 3191865344                                {product} {ergonomic}
   size_t MaxNewSize                               = 1914699776                                {product} {ergonomic}
   size_t MinHeapDeltaBytes                        = 2097152                                   {product} {ergonomic}
   size_t MinHeapSize                              = 8388608                                   {product} {ergonomic}
    uintx NonNMethodCodeHeapSize                   = 5839372                                {pd product} {ergonomic}
    uintx NonProfiledCodeHeapSize                  = 122909434                              {pd product} {ergonomic}
    uintx ProfiledCodeHeapSize                     = 122909434                              {pd product} {ergonomic}
    uintx ReservedCodeCacheSize                    = 251658240                              {pd product} {ergonomic}
     bool SegmentedCodeCache                       = true                                      {product} {ergonomic}
     bool ShowCodeDetailsInExceptionMessages       = true                                   {manageable} {command line}
   size_t SoftMaxHeapSize                          = 3191865344                             {manageable} {ergonomic}
     bool UseCompressedClassPointers               = true                           {product lp64_product} {ergonomic}
     bool UseCompressedOops                        = true                           {product lp64_product} {ergonomic}
     bool UseG1GC                                  = true                                      {product} {ergonomic}
     bool UseLargePagesIndividualAllocation        = false                                  {pd product} {ergonomic}

Logging:
Log output configuration:
 #0: stdout all=warning uptime,level,tags
 #1: stderr all=off uptime,level,tags

Environment Variables:
JAVA_HOME=C:\Program Files\Java\jdk-17
PATH=C:/Program Files/Java/jdk-17/bin/server;C:/Program Files/Java/jdk-17/bin;C:\oraclexe\app\oracle\product\10.2.0\server\bin;C:\Program Files (x86)\VMware\VMware Player\bin\;C:\Program Files\Common Files\Oracle\Java\javapath;C:\Program Files (x86)\Common Files\Oracle\Java\java8path;C:\Program Files (x86)\Common Files\Oracle\Java\javapath;C:\Windows\system32;C:\Windows;C:\Windows\System32\Wbem;C:\Windows\System32\WindowsPowerShell\v1.0\;C:\Windows\System32\OpenSSH\;C:\Program Files (x86)\NVIDIA Corporation\PhysX\Common;C:\Program Files\Microsoft SQL Server\150\Tools\Binn\;C:\Program Files\Microsoft SQL Server\Client SDK\ODBC\170\Tools\Binn\;C:\Program Files\dotnet\;C:\Program Files\Java\jdk-17\bin;C:\Program Files (x86)\Microsoft SQL Server\110\Tools\Binn\;C:\Program Files (x86)\Microsoft SQL Server\110\DTS\Binn\;C:\Program Files (x86)\Microsoft SQL Server\Client SDK\ODBC\130\Tools\Binn\;C:\Program Files (x86)\Microsoft SQL Server\140\Tools\Binn\;C:\Program Files (x86)\Microsoft SQL Server\140\DTS\Binn\;C:\Program Files (x86)\Microsoft SQL Server\140\Tools\Binn\ManagementStudio\;C:\Program Files\Microsoft SQL Server\130\DTS\Binn\;C:\Program Files\Microsoft SQL Server\140\DTS\Binn\;C:\Program Files\Microsoft SQL Server\150\DTS\Binn\;C:\Program Files\Microsoft SQL Server\160\DTS\Binn\;C:\Program Files (x86)\Microsoft SQL Server\110\Tools\Binn\ManagementStudio\;C:\Program Files (x86)\Microsoft Visual Studio 10.0\Common7\IDE\PrivateAssemblies\;D:\programmes files\Git\cmd;C:\Program Files\MySQL\MySQL Server 8.0\bin;C:\gcc-13.2.0\bin;C:\Program Files\nodejs\;C:\chromedriver-win64\;;C:\Program Files\NVIDIA Corporation\NVIDIA App\NvDLISR;C:\Users\BOUAZIZI\AppData\Local\Programs\Python\Python312\Scripts\;C:\Users\BOUAZIZI\AppData\Local\Programs\Python\Python312\;C:\Users\BOUAZIZI\AppData\Local\Programs\Python\Launcher\;C:\Users\BOUAZIZI\AppData\Local\Microsoft\WindowsApps;C:\Users\BOUAZIZI\AppData\Local\Programs\Microsoft VS Code\bin;C:\Users\BOUAZIZI\.dotnet\tools;C:\Program 
USERNAME=BOUAZIZI
OS=Windows_NT
PROCESSOR_IDENTIFIER=Intel64 Family 6 Model 158 Stepping 10, GenuineIntel



---------------  S Y S T E M  ---------------

OS:
 Windows 10 , 64 bit Build 19041 (10.0.19041.5794)
OS uptime: 1 days 22:48 hours

CPU: total 8 (initial active 8) (4 cores per cpu, 2 threads per core) family 6 model 158 stepping 10 microcode 0xf0, cx8, cmov, fxsr, ht, mmx, 3dnowpref, sse, sse2, sse3, ssse3, sse4.1, sse4.2, popcnt, lzcnt, tsc, tscinvbit, avx, avx2, aes, erms, clmul, bmi1, bmi2, adx, fma, vzeroupper, clflush, clflushopt

Memory: 4k page, system-wide physical 12168M (521M free)
TotalPageFile size 36744M (AvailPageFile size 0M)
current process WorkingSet (physical memory assigned to process): 57M, peak: 57M
current process commit charge ("private bytes"): 287M, peak: 287M

vm_info: Java HotSpot(TM) 64-Bit Server VM (17.0.8+9-LTS-211) for windows-amd64 JRE (17.0.8+9-LTS-211), built on Jun 14 2023 10:34:31 by "mach5one" with MS VC++ 17.1 (VS2022)

END.
