#
# There is insufficient memory for the Java Runtime Environment to continue.
# Native memory allocation (malloc) failed to allocate 917856 bytes for Chunk::new
# Possible reasons:
#   The system is out of physical RAM or swap space
#   The process is running with CompressedOops enabled, and the Java Heap may be blocking the growth of the native heap
# Possible solutions:
#   Reduce memory load on the system
#   Increase physical memory or swap space
#   Check if swap backing store is full
#   Decrease Java heap size (-Xmx/-Xms)
#   Decrease number of Java threads
#   Decrease Java thread stack sizes (-Xss)
#   Set larger code cache with -XX:ReservedCodeCacheSize=
#   JVM is running with Zero Based Compressed Oops mode in which the Java heap is
#     placed in the first 32GB address space. The Java Heap base address is the
#     maximum limit for the native heap growth. Please use -XX:HeapBaseMinAddress
#     to set the Java Heap base and to place the Java Heap above 32GB virtual address.
# This output file may be truncated or incomplete.
#
#  Out of Memory Error (arena.cpp:189), pid=31000, tid=23352
#
# JRE version: Java(TM) SE Runtime Environment (17.0.8+9) (build 17.0.8+9-LTS-211)
# Java VM: Java HotSpot(TM) 64-Bit Server VM (17.0.8+9-LTS-211, mixed mode, sharing, tiered, compressed oops, compressed class ptrs, g1 gc, windows-amd64)
# No core dump will be written. Minidumps are not enabled by default on client versions of Windows
#

---------------  S U M M A R Y ------------

Command Line: -Dfile.encoding=UTF-8 -XX:+ShowCodeDetailsInExceptionMessages WebSocket.WebSocketClient

Host: Intel(R) Core(TM) i5-8300H CPU @ 2.30GHz, 8 cores, 11G,  Windows 10 , 64 bit Build 19041 (10.0.19041.5794)
Time: Tue Apr 29 17:11:49 2025 Romance Standard Time elapsed time: 3.987593 seconds (0d 0h 0m 3s)

---------------  T H R E A D  ---------------

Current thread (0x00000231fee9b440):  JavaThread "C2 CompilerThread0" daemon [_thread_in_native, id=23352, stack(0x0000004184f00000,0x0000004185000000)]


Current CompileTask:
C2:   3987 1666       4       java.lang.invoke.MethodType::makeImpl (109 bytes)

Stack: [0x0000004184f00000,0x0000004185000000]
Native frames: (J=compiled Java code, j=interpreted, Vv=VM code, C=native code)
V  [jvm.dll+0x677d0a]
V  [jvm.dll+0x7d8c54]
V  [jvm.dll+0x7da3fe]
V  [jvm.dll+0x7daa63]
V  [jvm.dll+0x245c5f]
V  [jvm.dll+0xaaa6b]
V  [jvm.dll+0xab00c]
V  [jvm.dll+0x361e8e]
V  [jvm.dll+0x1bb87a]
V  [jvm.dll+0x218157]
V  [jvm.dll+0x217431]
V  [jvm.dll+0x1a3af0]
V  [jvm.dll+0x2270be]
V  [jvm.dll+0x22535b]
V  [jvm.dll+0x78e7bc]
V  [jvm.dll+0x788bba]
V  [jvm.dll+0x676b35]
C  [ucrtbase.dll+0x21bb2]
C  [KERNEL32.DLL+0x17374]
C  [ntdll.dll+0x4cc91]


---------------  P R O C E S S  ---------------

Threads class SMR info:
_java_thread_list=0x00000231c50dc010, length=30, elements={
0x00000231de775a20, 0x00000231fee7bff0, 0x00000231fee7d600, 0x00000231fee936d0,
0x00000231fee94080, 0x00000231fee951d0, 0x00000231fee96320, 0x00000231fee9b440,
0x00000231fee9c680, 0x00000231feeaf840, 0x00000231ff0d5a10, 0x00000231ff0e7930,
0x00000231ff7bf0a0, 0x00000231ff344c90, 0x00000231ff345160, 0x00000231ff84ff20,
0x00000231ff885fb0, 0x00000231c509dc30, 0x00000231c509e530, 0x00000231c504c360,
0x00000231c51f61e0, 0x00000231c51f5370, 0x00000231c51f4500, 0x00000231c51f49d0,
0x00000231c51f4ea0, 0x00000231c51f5d10, 0x00000231c51f5840, 0x00000231c51f66b0,
0x00000231c51f2cf0, 0x00000231c51f31c0
}

Java Threads: ( => current thread )
  0x00000231de775a20 JavaThread "main" [_thread_blocked, id=10724, stack(0x0000004184200000,0x0000004184300000)]
  0x00000231fee7bff0 JavaThread "Reference Handler" daemon [_thread_blocked, id=15072, stack(0x0000004184900000,0x0000004184a00000)]
  0x00000231fee7d600 JavaThread "Finalizer" daemon [_thread_blocked, id=25720, stack(0x0000004184a00000,0x0000004184b00000)]
  0x00000231fee936d0 JavaThread "Signal Dispatcher" daemon [_thread_blocked, id=29972, stack(0x0000004184b00000,0x0000004184c00000)]
  0x00000231fee94080 JavaThread "Attach Listener" daemon [_thread_blocked, id=24692, stack(0x0000004184c00000,0x0000004184d00000)]
  0x00000231fee951d0 JavaThread "Service Thread" daemon [_thread_blocked, id=13792, stack(0x0000004184d00000,0x0000004184e00000)]
  0x00000231fee96320 JavaThread "Monitor Deflation Thread" daemon [_thread_blocked, id=24532, stack(0x0000004184e00000,0x0000004184f00000)]
=>0x00000231fee9b440 JavaThread "C2 CompilerThread0" daemon [_thread_in_native, id=23352, stack(0x0000004184f00000,0x0000004185000000)]
  0x00000231fee9c680 JavaThread "C1 CompilerThread0" daemon [_thread_blocked, id=8148, stack(0x0000004185000000,0x0000004185100000)]
  0x00000231feeaf840 JavaThread "Sweeper thread" daemon [_thread_blocked, id=31316, stack(0x0000004185100000,0x0000004185200000)]
  0x00000231ff0d5a10 JavaThread "Notification Thread" daemon [_thread_blocked, id=2660, stack(0x0000004185200000,0x0000004185300000)]
  0x00000231ff0e7930 JavaThread "Common-Cleaner" daemon [_thread_blocked, id=23144, stack(0x0000004185400000,0x0000004185500000)]
  0x00000231ff7bf0a0 JavaThread "Grizzly(1) SelectorRunner" daemon [_thread_in_native, id=4212, stack(0x0000004185600000,0x0000004185700000)]
  0x00000231ff344c90 JavaThread "Grizzly(1)" daemon [_thread_blocked, id=13192, stack(0x0000004185700000,0x0000004185800000)]
  0x00000231ff345160 JavaThread "Grizzly(2)" daemon [_thread_blocked, id=18184, stack(0x0000004185800000,0x0000004185900000)]
  0x00000231ff84ff20 JavaThread "tyrus-1-thread-1" daemon [_thread_blocked, id=31488, stack(0x0000004186000000,0x0000004186100000)]
  0x00000231ff885fb0 JavaThread "ForkJoinPool.commonPool-worker-1" daemon [_thread_blocked, id=31152, stack(0x0000004185500000,0x0000004185600000)]
  0x00000231c509dc30 JavaThread "HttpClient-1-SelectorManager" daemon [_thread_in_native, id=24248, stack(0x0000004186200000,0x0000004186300000)]
  0x00000231c509e530 JavaThread "External Process Output Forwarder - C:/Users/BOUAZIZI/Desktop/Cucumber22/src/test/resources/drivers/chromedriver.exe" daemon [_thread_in_native, id=30704, stack(0x0000004186300000,0x0000004186400000)]
  0x00000231c504c360 JavaThread "Driver Service Executor" daemon [_thread_blocked, id=27876, stack(0x0000004186400000,0x0000004186500000)]
  0x00000231c51f61e0 JavaThread "Driver Service Executor" daemon [_thread_in_native, id=11492, stack(0x0000004186500000,0x0000004186600000)]
  0x00000231c51f5370 JavaThread "UrlChecker-2" daemon [_thread_blocked, id=22680, stack(0x0000004186600000,0x0000004186700000)]
  0x00000231c51f4500 JavaThread "Keep-Alive-Timer" daemon [_thread_blocked, id=31324, stack(0x0000004186700000,0x0000004186800000)]
  0x00000231c51f49d0 JavaThread "JdkHttpClient-0-0" daemon [_thread_blocked, id=27544, stack(0x0000004186100000,0x0000004186200000)]
  0x00000231c51f4ea0 JavaThread "JdkHttpClient-0-1" daemon [_thread_blocked, id=30308, stack(0x0000004186800000,0x0000004186900000)]
  0x00000231c51f5d10 JavaThread "JdkHttpClient-0-2" daemon [_thread_blocked, id=27404, stack(0x0000004186900000,0x0000004186a00000)]
  0x00000231c51f5840 JavaThread "HttpClient-2-SelectorManager" daemon [_thread_in_native, id=22284, stack(0x0000004186a00000,0x0000004186b00000)]
  0x00000231c51f66b0 JavaThread "JdkHttpClient-1-0" daemon [_thread_blocked, id=22992, stack(0x0000004186b00000,0x0000004186c00000)]
  0x00000231c51f2cf0 JavaThread "JdkHttpClient-1-1" daemon [_thread_blocked, id=5180, stack(0x0000004186c00000,0x0000004186d00000)]
  0x00000231c51f31c0 JavaThread "JdkHttpClient-1-2" daemon [_thread_blocked, id=28624, stack(0x0000004186d00000,0x0000004186e00000)]

Other Threads:
  0x00000231fee74c40 VMThread "VM Thread" [stack: 0x0000004184800000,0x0000004184900000] [id=28168]
  0x00000231de7e54b0 WatcherThread [stack: 0x0000004185300000,0x0000004185400000] [id=4032]
  0x00000231de7cfa60 GCTaskThread "GC Thread#0" [stack: 0x0000004184300000,0x0000004184400000] [id=18280]
  0x00000231ff986dc0 GCTaskThread "GC Thread#1" [stack: 0x0000004185a00000,0x0000004185b00000] [id=17556]
  0x00000231ffba2c10 GCTaskThread "GC Thread#2" [stack: 0x0000004185b00000,0x0000004185c00000] [id=24256]
  0x00000231ffba2ec0 GCTaskThread "GC Thread#3" [stack: 0x0000004185c00000,0x0000004185d00000] [id=7404]
  0x00000231ffa07a30 GCTaskThread "GC Thread#4" [stack: 0x0000004185d00000,0x0000004185e00000] [id=29524]
  0x00000231ff7e33a0 GCTaskThread "GC Thread#5" [stack: 0x0000004185e00000,0x0000004185f00000] [id=21720]
  0x00000231ff99ed20 GCTaskThread "GC Thread#6" [stack: 0x0000004185f00000,0x0000004186000000] [id=26428]
  0x00000231de7dc7e0 ConcurrentGCThread "G1 Main Marker" [stack: 0x0000004184400000,0x0000004184500000] [id=12188]
  0x00000231de7dd990 ConcurrentGCThread "G1 Conc#0" [stack: 0x0000004184500000,0x0000004184600000] [id=31608]
  0x00000231de8307e0 ConcurrentGCThread "G1 Refine#0" [stack: 0x0000004184600000,0x0000004184700000] [id=7828]
  0x00000231de831200 ConcurrentGCThread "G1 Service" [stack: 0x0000004184700000,0x0000004184800000] [id=7328]

Threads with active compile tasks:
C2 CompilerThread0     4023 1666       4       java.lang.invoke.MethodType::makeImpl (109 bytes)

VM state: not at safepoint (normal execution)

VM Mutex/Monitor currently owned by a thread: None

Heap address: 0x0000000741c00000, size: 3044 MB, Compressed Oops mode: Zero based, Oop shift amount: 3

CDS archive(s) mapped at: [0x0000023180000000-0x0000023180bd0000-0x0000023180bd0000), size 12386304, SharedBaseAddress: 0x0000023180000000, ArchiveRelocationMode: 1.
Compressed class space mapped at: 0x0000023181000000-0x00000231c1000000, reserved size: 1073741824
Narrow klass base: 0x0000023180000000, Narrow klass shift: 0, Narrow klass range: 0x100000000

GC Precious Log:
 CPUs: 8 total, 8 available
 Memory: 12168M
 Large Page Support: Disabled
 NUMA Support: Disabled
 Compressed Oops: Enabled (Zero based)
 Heap Region Size: 2M
 Heap Min Capacity: 8M
 Heap Initial Capacity: 192M
 Heap Max Capacity: 3044M
 Pre-touch: Disabled
 Parallel Workers: 8
 Concurrent Workers: 2
 Concurrent Refinement Workers: 8
 Periodic GC: Disabled

Heap:
 garbage-first heap   total 196608K, used 27770K [0x0000000741c00000, 0x0000000800000000)
  region size 2048K, 13 young (26624K), 2 survivors (4096K)
 Metaspace       used 14435K, committed 14720K, reserved 1114112K
  class space    used 1801K, committed 1920K, reserved 1048576K

Heap Regions: E=young(eden), S=young(survivor), O=old, HS=humongous(starts), HC=humongous(continues), CS=collection set, F=free, OA=open archive, CA=closed archive, TAMS=top-at-mark-start (previous, next)
|   0|0x0000000741c00000, 0x0000000741e00000, 0x0000000741e00000|100%| O|  |TAMS 0x0000000741c00000, 0x0000000741c00000| Untracked 
|   1|0x0000000741e00000, 0x0000000741f1e800, 0x0000000742000000| 55%| O|  |TAMS 0x0000000741e00000, 0x0000000741e00000| Untracked 
|   2|0x0000000742000000, 0x0000000742000000, 0x0000000742200000|  0%| F|  |TAMS 0x0000000742000000, 0x0000000742000000| Untracked 
|   3|0x0000000742200000, 0x0000000742200000, 0x0000000742400000|  0%| F|  |TAMS 0x0000000742200000, 0x0000000742200000| Untracked 
|   4|0x0000000742400000, 0x0000000742400000, 0x0000000742600000|  0%| F|  |TAMS 0x0000000742400000, 0x0000000742400000| Untracked 
|   5|0x0000000742600000, 0x0000000742600000, 0x0000000742800000|  0%| F|  |TAMS 0x0000000742600000, 0x0000000742600000| Untracked 
|   6|0x0000000742800000, 0x0000000742800000, 0x0000000742a00000|  0%| F|  |TAMS 0x0000000742800000, 0x0000000742800000| Untracked 
|   7|0x0000000742a00000, 0x0000000742a00000, 0x0000000742c00000|  0%| F|  |TAMS 0x0000000742a00000, 0x0000000742a00000| Untracked 
|   8|0x0000000742c00000, 0x0000000742c00000, 0x0000000742e00000|  0%| F|  |TAMS 0x0000000742c00000, 0x0000000742c00000| Untracked 
|   9|0x0000000742e00000, 0x0000000742e00000, 0x0000000743000000|  0%| F|  |TAMS 0x0000000742e00000, 0x0000000742e00000| Untracked 
|  10|0x0000000743000000, 0x0000000743000000, 0x0000000743200000|  0%| F|  |TAMS 0x0000000743000000, 0x0000000743000000| Untracked 
|  11|0x0000000743200000, 0x0000000743200000, 0x0000000743400000|  0%| F|  |TAMS 0x0000000743200000, 0x0000000743200000| Untracked 
|  12|0x0000000743400000, 0x0000000743400000, 0x0000000743600000|  0%| F|  |TAMS 0x0000000743400000, 0x0000000743400000| Untracked 
|  13|0x0000000743600000, 0x0000000743600000, 0x0000000743800000|  0%| F|  |TAMS 0x0000000743600000, 0x0000000743600000| Untracked 
|  14|0x0000000743800000, 0x0000000743800000, 0x0000000743a00000|  0%| F|  |TAMS 0x0000000743800000, 0x0000000743800000| Untracked 
|  15|0x0000000743a00000, 0x0000000743a00000, 0x0000000743c00000|  0%| F|  |TAMS 0x0000000743a00000, 0x0000000743a00000| Untracked 
|  16|0x0000000743c00000, 0x0000000743c00000, 0x0000000743e00000|  0%| F|  |TAMS 0x0000000743c00000, 0x0000000743c00000| Untracked 
|  17|0x0000000743e00000, 0x0000000743e00000, 0x0000000744000000|  0%| F|  |TAMS 0x0000000743e00000, 0x0000000743e00000| Untracked 
|  18|0x0000000744000000, 0x0000000744000000, 0x0000000744200000|  0%| F|  |TAMS 0x0000000744000000, 0x0000000744000000| Untracked 
|  19|0x0000000744200000, 0x0000000744200000, 0x0000000744400000|  0%| F|  |TAMS 0x0000000744200000, 0x0000000744200000| Untracked 
|  20|0x0000000744400000, 0x0000000744400000, 0x0000000744600000|  0%| F|  |TAMS 0x0000000744400000, 0x0000000744400000| Untracked 
|  21|0x0000000744600000, 0x0000000744600000, 0x0000000744800000|  0%| F|  |TAMS 0x0000000744600000, 0x0000000744600000| Untracked 
|  22|0x0000000744800000, 0x0000000744800000, 0x0000000744a00000|  0%| F|  |TAMS 0x0000000744800000, 0x0000000744800000| Untracked 
|  23|0x0000000744a00000, 0x0000000744a00000, 0x0000000744c00000|  0%| F|  |TAMS 0x0000000744a00000, 0x0000000744a00000| Untracked 
|  24|0x0000000744c00000, 0x0000000744c00000, 0x0000000744e00000|  0%| F|  |TAMS 0x0000000744c00000, 0x0000000744c00000| Untracked 
|  25|0x0000000744e00000, 0x0000000744e00000, 0x0000000745000000|  0%| F|  |TAMS 0x0000000744e00000, 0x0000000744e00000| Untracked 
|  26|0x0000000745000000, 0x0000000745000000, 0x0000000745200000|  0%| F|  |TAMS 0x0000000745000000, 0x0000000745000000| Untracked 
|  27|0x0000000745200000, 0x0000000745200000, 0x0000000745400000|  0%| F|  |TAMS 0x0000000745200000, 0x0000000745200000| Untracked 
|  28|0x0000000745400000, 0x0000000745400000, 0x0000000745600000|  0%| F|  |TAMS 0x0000000745400000, 0x0000000745400000| Untracked 
|  29|0x0000000745600000, 0x0000000745600000, 0x0000000745800000|  0%| F|  |TAMS 0x0000000745600000, 0x0000000745600000| Untracked 
|  30|0x0000000745800000, 0x0000000745800000, 0x0000000745a00000|  0%| F|  |TAMS 0x0000000745800000, 0x0000000745800000| Untracked 
|  31|0x0000000745a00000, 0x0000000745a00000, 0x0000000745c00000|  0%| F|  |TAMS 0x0000000745a00000, 0x0000000745a00000| Untracked 
|  32|0x0000000745c00000, 0x0000000745c00000, 0x0000000745e00000|  0%| F|  |TAMS 0x0000000745c00000, 0x0000000745c00000| Untracked 
|  33|0x0000000745e00000, 0x0000000745e00000, 0x0000000746000000|  0%| F|  |TAMS 0x0000000745e00000, 0x0000000745e00000| Untracked 
|  34|0x0000000746000000, 0x0000000746000000, 0x0000000746200000|  0%| F|  |TAMS 0x0000000746000000, 0x0000000746000000| Untracked 
|  35|0x0000000746200000, 0x0000000746200000, 0x0000000746400000|  0%| F|  |TAMS 0x0000000746200000, 0x0000000746200000| Untracked 
|  36|0x0000000746400000, 0x0000000746400000, 0x0000000746600000|  0%| F|  |TAMS 0x0000000746400000, 0x0000000746400000| Untracked 
|  37|0x0000000746600000, 0x0000000746600000, 0x0000000746800000|  0%| F|  |TAMS 0x0000000746600000, 0x0000000746600000| Untracked 
|  38|0x0000000746800000, 0x0000000746800000, 0x0000000746a00000|  0%| F|  |TAMS 0x0000000746800000, 0x0000000746800000| Untracked 
|  39|0x0000000746a00000, 0x0000000746a00000, 0x0000000746c00000|  0%| F|  |TAMS 0x0000000746a00000, 0x0000000746a00000| Untracked 
|  40|0x0000000746c00000, 0x0000000746c00000, 0x0000000746e00000|  0%| F|  |TAMS 0x0000000746c00000, 0x0000000746c00000| Untracked 
|  41|0x0000000746e00000, 0x0000000746e00000, 0x0000000747000000|  0%| F|  |TAMS 0x0000000746e00000, 0x0000000746e00000| Untracked 
|  42|0x0000000747000000, 0x0000000747000000, 0x0000000747200000|  0%| F|  |TAMS 0x0000000747000000, 0x0000000747000000| Untracked 
|  43|0x0000000747200000, 0x0000000747200000, 0x0000000747400000|  0%| F|  |TAMS 0x0000000747200000, 0x0000000747200000| Untracked 
|  44|0x0000000747400000, 0x0000000747400000, 0x0000000747600000|  0%| F|  |TAMS 0x0000000747400000, 0x0000000747400000| Untracked 
|  45|0x0000000747600000, 0x0000000747600000, 0x0000000747800000|  0%| F|  |TAMS 0x0000000747600000, 0x0000000747600000| Untracked 
|  46|0x0000000747800000, 0x0000000747800000, 0x0000000747a00000|  0%| F|  |TAMS 0x0000000747800000, 0x0000000747800000| Untracked 
|  47|0x0000000747a00000, 0x0000000747a00000, 0x0000000747c00000|  0%| F|  |TAMS 0x0000000747a00000, 0x0000000747a00000| Untracked 
|  48|0x0000000747c00000, 0x0000000747c00000, 0x0000000747e00000|  0%| F|  |TAMS 0x0000000747c00000, 0x0000000747c00000| Untracked 
|  49|0x0000000747e00000, 0x0000000747e00000, 0x0000000748000000|  0%| F|  |TAMS 0x0000000747e00000, 0x0000000747e00000| Untracked 
|  50|0x0000000748000000, 0x0000000748000000, 0x0000000748200000|  0%| F|  |TAMS 0x0000000748000000, 0x0000000748000000| Untracked 
|  51|0x0000000748200000, 0x0000000748200000, 0x0000000748400000|  0%| F|  |TAMS 0x0000000748200000, 0x0000000748200000| Untracked 
|  52|0x0000000748400000, 0x0000000748400000, 0x0000000748600000|  0%| F|  |TAMS 0x0000000748400000, 0x0000000748400000| Untracked 
|  53|0x0000000748600000, 0x0000000748600000, 0x0000000748800000|  0%| F|  |TAMS 0x0000000748600000, 0x0000000748600000| Untracked 
|  54|0x0000000748800000, 0x0000000748800000, 0x0000000748a00000|  0%| F|  |TAMS 0x0000000748800000, 0x0000000748800000| Untracked 
|  55|0x0000000748a00000, 0x0000000748a00000, 0x0000000748c00000|  0%| F|  |TAMS 0x0000000748a00000, 0x0000000748a00000| Untracked 
|  56|0x0000000748c00000, 0x0000000748c00000, 0x0000000748e00000|  0%| F|  |TAMS 0x0000000748c00000, 0x0000000748c00000| Untracked 
|  57|0x0000000748e00000, 0x0000000748e00000, 0x0000000749000000|  0%| F|  |TAMS 0x0000000748e00000, 0x0000000748e00000| Untracked 
|  58|0x0000000749000000, 0x0000000749000000, 0x0000000749200000|  0%| F|  |TAMS 0x0000000749000000, 0x0000000749000000| Untracked 
|  59|0x0000000749200000, 0x0000000749200000, 0x0000000749400000|  0%| F|  |TAMS 0x0000000749200000, 0x0000000749200000| Untracked 
|  60|0x0000000749400000, 0x0000000749400000, 0x0000000749600000|  0%| F|  |TAMS 0x0000000749400000, 0x0000000749400000| Untracked 
|  61|0x0000000749600000, 0x0000000749600000, 0x0000000749800000|  0%| F|  |TAMS 0x0000000749600000, 0x0000000749600000| Untracked 
|  62|0x0000000749800000, 0x0000000749800000, 0x0000000749a00000|  0%| F|  |TAMS 0x0000000749800000, 0x0000000749800000| Untracked 
|  63|0x0000000749a00000, 0x0000000749a00000, 0x0000000749c00000|  0%| F|  |TAMS 0x0000000749a00000, 0x0000000749a00000| Untracked 
|  64|0x0000000749c00000, 0x0000000749c00000, 0x0000000749e00000|  0%| F|  |TAMS 0x0000000749c00000, 0x0000000749c00000| Untracked 
|  65|0x0000000749e00000, 0x0000000749e00000, 0x000000074a000000|  0%| F|  |TAMS 0x0000000749e00000, 0x0000000749e00000| Untracked 
|  66|0x000000074a000000, 0x000000074a000000, 0x000000074a200000|  0%| F|  |TAMS 0x000000074a000000, 0x000000074a000000| Untracked 
|  67|0x000000074a200000, 0x000000074a200000, 0x000000074a400000|  0%| F|  |TAMS 0x000000074a200000, 0x000000074a200000| Untracked 
|  68|0x000000074a400000, 0x000000074a400000, 0x000000074a600000|  0%| F|  |TAMS 0x000000074a400000, 0x000000074a400000| Untracked 
|  69|0x000000074a600000, 0x000000074a600000, 0x000000074a800000|  0%| F|  |TAMS 0x000000074a600000, 0x000000074a600000| Untracked 
|  70|0x000000074a800000, 0x000000074a800000, 0x000000074aa00000|  0%| F|  |TAMS 0x000000074a800000, 0x000000074a800000| Untracked 
|  71|0x000000074aa00000, 0x000000074aa00000, 0x000000074ac00000|  0%| F|  |TAMS 0x000000074aa00000, 0x000000074aa00000| Untracked 
|  72|0x000000074ac00000, 0x000000074ac00000, 0x000000074ae00000|  0%| F|  |TAMS 0x000000074ac00000, 0x000000074ac00000| Untracked 
|  73|0x000000074ae00000, 0x000000074ae00000, 0x000000074b000000|  0%| F|  |TAMS 0x000000074ae00000, 0x000000074ae00000| Untracked 
|  74|0x000000074b000000, 0x000000074b000000, 0x000000074b200000|  0%| F|  |TAMS 0x000000074b000000, 0x000000074b000000| Untracked 
|  75|0x000000074b200000, 0x000000074b200000, 0x000000074b400000|  0%| F|  |TAMS 0x000000074b200000, 0x000000074b200000| Untracked 
|  76|0x000000074b400000, 0x000000074b400000, 0x000000074b600000|  0%| F|  |TAMS 0x000000074b400000, 0x000000074b400000| Untracked 
|  77|0x000000074b600000, 0x000000074b600000, 0x000000074b800000|  0%| F|  |TAMS 0x000000074b600000, 0x000000074b600000| Untracked 
|  78|0x000000074b800000, 0x000000074b800000, 0x000000074ba00000|  0%| F|  |TAMS 0x000000074b800000, 0x000000074b800000| Untracked 
|  79|0x000000074ba00000, 0x000000074ba00000, 0x000000074bc00000|  0%| F|  |TAMS 0x000000074ba00000, 0x000000074ba00000| Untracked 
|  80|0x000000074bc00000, 0x000000074bc00000, 0x000000074be00000|  0%| F|  |TAMS 0x000000074bc00000, 0x000000074bc00000| Untracked 
|  81|0x000000074be00000, 0x000000074be00000, 0x000000074c000000|  0%| F|  |TAMS 0x000000074be00000, 0x000000074be00000| Untracked 
|  82|0x000000074c000000, 0x000000074c000000, 0x000000074c200000|  0%| F|  |TAMS 0x000000074c000000, 0x000000074c000000| Untracked 
|  83|0x000000074c200000, 0x000000074c400000, 0x000000074c400000|100%| S|CS|TAMS 0x000000074c200000, 0x000000074c200000| Complete 
|  84|0x000000074c400000, 0x000000074c600000, 0x000000074c600000|100%| S|CS|TAMS 0x000000074c400000, 0x000000074c400000| Complete 
|  85|0x000000074c600000, 0x000000074c71f6b8, 0x000000074c800000| 56%| E|  |TAMS 0x000000074c600000, 0x000000074c600000| Complete 
|  86|0x000000074c800000, 0x000000074ca00000, 0x000000074ca00000|100%| E|CS|TAMS 0x000000074c800000, 0x000000074c800000| Complete 
|  87|0x000000074ca00000, 0x000000074cc00000, 0x000000074cc00000|100%| E|CS|TAMS 0x000000074ca00000, 0x000000074ca00000| Complete 
|  88|0x000000074cc00000, 0x000000074ce00000, 0x000000074ce00000|100%| E|CS|TAMS 0x000000074cc00000, 0x000000074cc00000| Complete 
|  89|0x000000074ce00000, 0x000000074d000000, 0x000000074d000000|100%| E|CS|TAMS 0x000000074ce00000, 0x000000074ce00000| Complete 
|  90|0x000000074d000000, 0x000000074d200000, 0x000000074d200000|100%| E|CS|TAMS 0x000000074d000000, 0x000000074d000000| Complete 
|  91|0x000000074d200000, 0x000000074d400000, 0x000000074d400000|100%| E|CS|TAMS 0x000000074d200000, 0x000000074d200000| Complete 
|  92|0x000000074d400000, 0x000000074d600000, 0x000000074d600000|100%| E|CS|TAMS 0x000000074d400000, 0x000000074d400000| Complete 
|  93|0x000000074d600000, 0x000000074d800000, 0x000000074d800000|100%| E|CS|TAMS 0x000000074d600000, 0x000000074d600000| Complete 
|  94|0x000000074d800000, 0x000000074da00000, 0x000000074da00000|100%| E|CS|TAMS 0x000000074d800000, 0x000000074d800000| Complete 
|  95|0x000000074da00000, 0x000000074dc00000, 0x000000074dc00000|100%| E|CS|TAMS 0x000000074da00000, 0x000000074da00000| Complete 

Card table byte_map: [0x00000231f5940000,0x00000231f5f40000] _byte_map_base: 0x00000231f1f32000

Marking Bits (Prev, Next): (CMBitMap*) 0x00000231de7d0070, (CMBitMap*) 0x00000231de7d00b0
 Prev Bits: [0x00000231f6540000, 0x00000231f94d0000)
 Next Bits: [0x00000231f94d0000, 0x00000231fc460000)

Polling page: 0x00000231dc770000

Metaspace:

Usage:
  Non-class:     12.34 MB used.
      Class:      1.76 MB used.
       Both:     14.10 MB used.

Virtual space:
  Non-class space:       64.00 MB reserved,      12.50 MB ( 20%) committed,  1 nodes.
      Class space:        1.00 GB reserved,       1.88 MB ( <1%) committed,  1 nodes.
             Both:        1.06 GB reserved,      14.38 MB (  1%) committed. 

Chunk freelists:
   Non-Class:  3.23 MB
       Class:  14.06 MB
        Both:  17.30 MB

MaxMetaspaceSize: unlimited
CompressedClassSpaceSize: 1.00 GB
Initial GC threshold: 21.00 MB
Current GC threshold: 21.00 MB
CDS: on
MetaspaceReclaimPolicy: balanced
 - commit_granule_bytes: 65536.
 - commit_granule_words: 8192.
 - virtual_space_node_default_size: 8388608.
 - enlarge_chunks_in_place: 1.
 - new_chunks_are_fully_committed: 0.
 - uncommit_free_chunks: 1.
 - use_allocation_guard: 0.
 - handle_deallocations: 1.


Internal statistics:

num_allocs_failed_limit: 0.
num_arena_births: 224.
num_arena_deaths: 0.
num_vsnodes_births: 2.
num_vsnodes_deaths: 0.
num_space_committed: 230.
num_space_uncommitted: 0.
num_chunks_returned_to_freelist: 0.
num_chunks_taken_from_freelist: 560.
num_chunk_merges: 0.
num_chunk_splits: 362.
num_chunks_enlarged: 272.
num_purges: 0.
num_inconsistent_stats: 0.

CodeHeap 'non-profiled nmethods': size=120000Kb used=612Kb max_used=612Kb free=119387Kb
 bounds [0x00000231edae0000, 0x00000231edd50000, 0x00000231f5010000]
CodeHeap 'profiled nmethods': size=120000Kb used=3237Kb max_used=3237Kb free=116762Kb
 bounds [0x00000231e6010000, 0x00000231e6340000, 0x00000231ed540000]
CodeHeap 'non-nmethods': size=5760Kb used=1224Kb max_used=1228Kb free=4536Kb
 bounds [0x00000231ed540000, 0x00000231ed7b0000, 0x00000231edae0000]
 total_blobs=2239 nmethods=1715 adapters=436
 compilation: enabled
              stopped_count=0, restarted_count=0
 full_count=0

Compilation events (20 events):
Event: 3.895 Thread 0x00000231fee9c680 1710       3       java.util.ImmutableCollections$SetN::contains (26 bytes)
Event: 3.896 Thread 0x00000231fee9c680 nmethod 1710 0x00000231e6334690 code [0x00000231e6334860, 0x00000231e6334b98]
Event: 3.896 Thread 0x00000231fee9c680 1711       3       java.util.regex.Pattern$BmpCharProperty::match (55 bytes)
Event: 3.896 Thread 0x00000231fee9c680 nmethod 1711 0x00000231e6334c90 code [0x00000231e6334e60, 0x00000231e6335308]
Event: 3.899 Thread 0x00000231fee9c680 1712       3       java.util.regex.Matcher::start (65 bytes)
Event: 3.900 Thread 0x00000231fee9c680 nmethod 1712 0x00000231e6335490 code [0x00000231e63356e0, 0x00000231e6335f48]
Event: 3.904 Thread 0x00000231fee9c680 1713       3       java.lang.reflect.Constructor::setAccessible (21 bytes)
Event: 3.905 Thread 0x00000231fee9c680 nmethod 1713 0x00000231e6336290 code [0x00000231e63364c0, 0x00000231e6336c18]
Event: 3.905 Thread 0x00000231fee9c680 1714       3       java.lang.reflect.Constructor::checkCanSetAccessible (29 bytes)
Event: 3.905 Thread 0x00000231fee9c680 nmethod 1714 0x00000231e6336e90 code [0x00000231e6337060, 0x00000231e6337338]
Event: 3.906 Thread 0x00000231fee9c680 1715       3       java.lang.invoke.MethodHandles$Lookup::findConstructor (61 bytes)
Event: 3.906 Thread 0x00000231fee9c680 nmethod 1715 0x00000231e6337490 code [0x00000231e6337700, 0x00000231e6337f38]
Event: 3.908 Thread 0x00000231fee9c680 1716       3       java.util.Collections$UnmodifiableMap::get (11 bytes)
Event: 3.908 Thread 0x00000231fee9c680 nmethod 1716 0x00000231e6338290 code [0x00000231e6338440, 0x00000231e6338628]
Event: 3.908 Thread 0x00000231fee9c680 1717       3       java.util.TreeMap::successor (66 bytes)
Event: 3.908 Thread 0x00000231fee9c680 nmethod 1717 0x00000231e6338710 code [0x00000231e63388e0, 0x00000231e6338c58]
Event: 3.908 Thread 0x00000231fee9c680 1718       3       org.openqa.selenium.SharedCapabilitiesMethods$$Lambda$455/0x00000231811cb600::compare (12 bytes)
Event: 3.909 Thread 0x00000231fee9c680 nmethod 1718 0x00000231e6338d90 code [0x00000231e6338f40, 0x00000231e6339288]
Event: 3.909 Thread 0x00000231fee9c680 1719       3       java.util.TreeMap$PrivateEntryIterator::hasNext (13 bytes)
Event: 3.909 Thread 0x00000231fee9c680 nmethod 1719 0x00000231e6339390 code [0x00000231e6339520, 0x00000231e6339698]

GC Heap History (2 events):
Event: 0.906 GC heap before
{Heap before GC invocations=0 (full 0):
 garbage-first heap   total 196608K, used 20480K [0x0000000741c00000, 0x0000000800000000)
  region size 2048K, 11 young (22528K), 0 survivors (0K)
 Metaspace       used 5701K, committed 5888K, reserved 1114112K
  class space    used 672K, committed 768K, reserved 1048576K
}
Event: 0.912 GC heap after
{Heap after GC invocations=1 (full 0):
 garbage-first heap   total 196608K, used 7290K [0x0000000741c00000, 0x0000000800000000)
  region size 2048K, 2 young (4096K), 2 survivors (4096K)
 Metaspace       used 5701K, committed 5888K, reserved 1114112K
  class space    used 672K, committed 768K, reserved 1048576K
}

Deoptimization events (20 events):
Event: 0.977 Thread 0x00000231ff344c90 DEOPT PACKING pc=0x00000231edb32548 sp=0x00000041857fcc30
Event: 0.977 Thread 0x00000231ff344c90 DEOPT UNPACKING pc=0x00000231ed5923a3 sp=0x00000041857fcbd0 mode 2
Event: 1.226 Thread 0x00000231ff344c90 DEOPT PACKING pc=0x00000231e622b5be sp=0x00000041857fb320
Event: 1.226 Thread 0x00000231ff344c90 DEOPT UNPACKING pc=0x00000231ed592b43 sp=0x00000041857fa7a0 mode 0
Event: 1.228 Thread 0x00000231ff344c90 DEOPT PACKING pc=0x00000231e622b5be sp=0x00000041857fb2f0
Event: 1.228 Thread 0x00000231ff344c90 DEOPT UNPACKING pc=0x00000231ed592b43 sp=0x00000041857fa770 mode 0
Event: 1.229 Thread 0x00000231ff344c90 DEOPT PACKING pc=0x00000231e622b5be sp=0x00000041857fb320
Event: 1.229 Thread 0x00000231ff344c90 DEOPT UNPACKING pc=0x00000231ed592b43 sp=0x00000041857fa7a0 mode 0
Event: 1.230 Thread 0x00000231ff344c90 DEOPT PACKING pc=0x00000231e622b5be sp=0x00000041857fb2f0
Event: 1.230 Thread 0x00000231ff344c90 DEOPT UNPACKING pc=0x00000231ed592b43 sp=0x00000041857fa770 mode 0
Event: 1.231 Thread 0x00000231ff344c90 DEOPT PACKING pc=0x00000231e622b5be sp=0x00000041857fb320
Event: 1.231 Thread 0x00000231ff344c90 DEOPT UNPACKING pc=0x00000231ed592b43 sp=0x00000041857fa7a0 mode 0
Event: 3.736 Thread 0x00000231ff344c90 Uncommon trap: trap_request=0xffffffde fr.pc=0x00000231edb50da4 relative=0x0000000000000924
Event: 3.736 Thread 0x00000231ff344c90 Uncommon trap: reason=class_check action=maybe_recompile pc=0x00000231edb50da4 method=java.util.HashMap.putVal(ILjava/lang/Object;Ljava/lang/Object;ZZ)Ljava/lang/Object; @ 91 c2
Event: 3.736 Thread 0x00000231ff344c90 DEOPT PACKING pc=0x00000231edb50da4 sp=0x00000041857fcbb0
Event: 3.736 Thread 0x00000231ff344c90 DEOPT UNPACKING pc=0x00000231ed5923a3 sp=0x00000041857fcb40 mode 2
Event: 3.774 Thread 0x00000231ff344c90 Uncommon trap: trap_request=0xffffff45 fr.pc=0x00000231edb3e19c relative=0x0000000000000f7c
Event: 3.774 Thread 0x00000231ff344c90 Uncommon trap: reason=unstable_if action=reinterpret pc=0x00000231edb3e19c method=java.util.concurrent.ConcurrentHashMap.putVal(Ljava/lang/Object;Ljava/lang/Object;Z)Ljava/lang/Object; @ 231 c2
Event: 3.774 Thread 0x00000231ff344c90 DEOPT PACKING pc=0x00000231edb3e19c sp=0x00000041857fd310
Event: 3.774 Thread 0x00000231ff344c90 DEOPT UNPACKING pc=0x00000231ed5923a3 sp=0x00000041857fd280 mode 2

Classes unloaded (0 events):
No events

Classes redefined (0 events):
No events

Internal exceptions (20 events):
Event: 1.441 Thread 0x00000231c51f5370 Exception <a 'java/net/SocketException'{0x000000074d1b65f0}: Socket is not connected: shutdown> (0x000000074d1b65f0) 
thrown [s\open\src\hotspot\share\prims\jni.cpp, line 535]
Event: 1.468 Thread 0x00000231c51f5370 Exception <a 'java/net/ConnectException'{0x000000074d1b75e8}: Connection refused: no further information> (0x000000074d1b75e8) 
thrown [s\open\src\hotspot\share\prims\jni.cpp, line 535]
Event: 1.468 Thread 0x00000231c51f5370 Exception <a 'java/net/SocketException'{0x000000074d1b7920}: Socket is not connected: shutdown> (0x000000074d1b7920) 
thrown [s\open\src\hotspot\share\prims\jni.cpp, line 535]
Event: 1.525 Thread 0x00000231ff344c90 Exception <a 'java/lang/NoSuchMethodError'{0x000000074d1fa928}: 'int java.lang.invoke.DirectMethodHandle$Holder.invokeVirtual(java.lang.Object, java.lang.Object)'> (0x000000074d1fa928) 
thrown [s\open\src\hotspot\share\interpreter\linkResolver.cpp, line 759]
Event: 1.526 Thread 0x00000231ff344c90 Exception <a 'java/lang/NoSuchMethodError'{0x000000074ce012f8}: 'double java.lang.invoke.DirectMethodHandle$Holder.invokeVirtual(java.lang.Object, java.lang.Object)'> (0x000000074ce012f8) 
thrown [s\open\src\hotspot\share\interpreter\linkResolver.cpp, line 759]
Event: 1.526 Thread 0x00000231ff344c90 Exception <a 'java/lang/NoSuchMethodError'{0x000000074ce07aa0}: 'float java.lang.invoke.DirectMethodHandle$Holder.invokeVirtual(java.lang.Object, java.lang.Object)'> (0x000000074ce07aa0) 
thrown [s\open\src\hotspot\share\interpreter\linkResolver.cpp, line 759]
Event: 1.527 Thread 0x00000231ff344c90 Exception <a 'java/lang/NoSuchMethodError'{0x000000074ce10ab8}: 'long java.lang.invoke.DirectMethodHandle$Holder.invokeVirtual(java.lang.Object, java.lang.Object)'> (0x000000074ce10ab8) 
thrown [s\open\src\hotspot\share\interpreter\linkResolver.cpp, line 759]
Event: 1.531 Thread 0x00000231ff344c90 Exception <a 'java/lang/NoSuchMethodError'{0x000000074ce3b898}: 'void java.lang.invoke.DirectMethodHandle$Holder.invokeStatic(java.lang.Object, java.lang.Object, java.lang.Object)'> (0x000000074ce3b898) 
thrown [s\open\src\hotspot\share\interpreter\linkResolver.cpp, line 759]
Event: 1.532 Thread 0x00000231ff344c90 Exception <a 'java/lang/NoSuchMethodError'{0x000000074ce41db8}: 'java.lang.Object java.lang.invoke.DirectMethodHandle$Holder.invokeVirtual(java.lang.Object, java.lang.Object, java.lang.Object)'> (0x000000074ce41db8) 
thrown [s\open\src\hotspot\share\interpreter\linkResolver.cpp, line 759]
Event: 1.563 Thread 0x00000231ff344c90 Exception <a 'java/lang/NoSuchMethodError'{0x000000074cf20bd8}: 'java.lang.Object java.lang.invoke.DirectMethodHandle$Holder.newInvokeSpecial(java.lang.Object, java.lang.Object, int, int)'> (0x000000074cf20bd8) 
thrown [s\open\src\hotspot\share\interpreter\linkResolver.cpp, line 759]
Event: 1.564 Thread 0x00000231ff344c90 Exception <a 'java/lang/NoSuchMethodError'{0x000000074cf2bbf8}: 'void java.lang.invoke.DirectMethodHandle$Holder.invokeStatic(java.lang.Object, java.lang.Object, int)'> (0x000000074cf2bbf8) 
thrown [s\open\src\hotspot\share\interpreter\linkResolver.cpp, line 759]
Event: 1.580 Thread 0x00000231ff344c90 Exception <a 'java/lang/NoSuchMethodError'{0x000000074cfba268}: 'java.lang.Object java.lang.invoke.DirectMethodHandle$Holder.newInvokeSpecial(java.lang.Object, java.lang.Object, java.lang.Object, java.lang.Object, java.lang.Object)'> (0x000000074cfba268) 
thrown [s\open\src\hotspot\share\interpreter\linkResolver.cpp, line 759]
Event: 1.600 Thread 0x00000231ff344c90 Exception <a 'java/lang/NoSuchMethodError'{0x000000074cc09798}: 'void java.lang.invoke.DirectMethodHandle$Holder.invokeStatic(java.lang.Object, java.lang.Object, java.lang.Object, java.lang.Object)'> (0x000000074cc09798) 
thrown [s\open\src\hotspot\share\interpreter\linkResolver.cpp, line 759]
Event: 1.622 Thread 0x00000231c51f49d0 Exception <a 'java/lang/NoSuchMethodError'{0x000000074ccb5ac0}: 'java.lang.Object java.lang.invoke.DirectMethodHandle$Holder.invokeSpecial(java.lang.Object, java.lang.Object, java.lang.Object, java.lang.Object, int)'> (0x000000074ccb5ac0) 
thrown [s\open\src\hotspot\share\interpreter\linkResolver.cpp, line 759]
Event: 1.622 Thread 0x00000231c51f49d0 Exception <a 'java/lang/NoSuchMethodError'{0x000000074ccb9688}: 'java.lang.Object java.lang.invoke.Invokers$Holder.linkToTargetMethod(java.lang.Object, java.lang.Object, int, java.lang.Object)'> (0x000000074ccb9688) 
thrown [s\open\src\hotspot\share\interpreter\linkResolver.cpp, line 759]
Event: 1.631 Thread 0x00000231c51f49d0 Exception <a 'java/lang/NoSuchMethodError'{0x000000074ccdcb60}: 'void java.lang.invoke.DirectMethodHandle$Holder.invokeSpecial(java.lang.Object, java.lang.Object, java.lang.Object)'> (0x000000074ccdcb60) 
thrown [s\open\src\hotspot\share\interpreter\linkResolver.cpp, line 759]
Event: 1.640 Thread 0x00000231c51f49d0 Exception <a 'java/lang/NoSuchMethodError'{0x000000074cd0f608}: 'void java.lang.invoke.DirectMethodHandle$Holder.invokeSpecial(java.lang.Object, java.lang.Object, java.lang.Object, java.lang.Object, java.lang.Object)'> (0x000000074cd0f608) 
thrown [s\open\src\hotspot\share\interpreter\linkResolver.cpp, line 759]
Event: 3.701 Thread 0x00000231c51f4ea0 Exception <a 'java/lang/NoSuchMethodError'{0x000000074ca1e0e8}: 'void java.lang.invoke.DirectMethodHandle$Holder.invokeSpecial(java.lang.Object, java.lang.Object, java.lang.Object, java.lang.Object, java.lang.Object, java.lang.Object, java.lang.Object)'> (0x000000074ca1e0e8) 
thrown [s\open\src\hotspot\share\interpreter\linkResolver.cpp, line 759]
Event: 3.725 Thread 0x00000231ff344c90 Exception <a 'java/lang/NoSuchMethodError'{0x000000074ca80b10}: 'java.lang.Object java.lang.invoke.DirectMethodHandle$Holder.invokeSpecialIFC(java.lang.Object, java.lang.Object, java.lang.Object)'> (0x000000074ca80b10) 
thrown [s\open\src\hotspot\share\interpreter\linkResolver.cpp, line 759]
Event: 3.894 Thread 0x00000231ff344c90 Exception <a 'java/lang/ClassNotFoundException'{0x000000074c6581e0}: sun/util/logging/resources/spi/loggingProvider> (0x000000074c6581e0) 
thrown [s\open\src\hotspot\share\classfile\systemDictionary.cpp, line 256]

VM Operations (20 events):
Event: 0.685 Executing VM operation: HandshakeAllThreads
Event: 0.685 Executing VM operation: HandshakeAllThreads done
Event: 0.694 Executing VM operation: HandshakeAllThreads
Event: 0.694 Executing VM operation: HandshakeAllThreads done
Event: 0.751 Executing VM operation: HandshakeAllThreads
Event: 0.751 Executing VM operation: HandshakeAllThreads done
Event: 0.905 Executing VM operation: G1CollectForAllocation
Event: 0.912 Executing VM operation: G1CollectForAllocation done
Event: 0.977 Executing VM operation: HandshakeAllThreads
Event: 0.977 Executing VM operation: HandshakeAllThreads done
Event: 0.982 Executing VM operation: HandshakeAllThreads
Event: 0.982 Executing VM operation: HandshakeAllThreads done
Event: 1.186 Executing VM operation: HandshakeAllThreads
Event: 1.186 Executing VM operation: HandshakeAllThreads done
Event: 1.506 Executing VM operation: HandshakeAllThreads
Event: 1.506 Executing VM operation: HandshakeAllThreads done
Event: 1.508 Executing VM operation: HandshakeAllThreads
Event: 1.515 Executing VM operation: HandshakeAllThreads done
Event: 2.518 Executing VM operation: Cleanup
Event: 2.519 Executing VM operation: Cleanup done

Events (20 events):
Event: 3.893 loading class java/util/ResourceBundle$CacheKeyReference done
Event: 3.893 loading class java/util/ResourceBundle$KeyElementReference done
Event: 3.894 loading class java/util/ResourceBundle$3
Event: 3.894 loading class java/util/ResourceBundle$3 done
Event: 3.894 loading class sun/util/logging/resources/logging
Event: 3.894 loading class sun/util/logging/resources/logging done
Event: 3.894 loading class java/util/ResourceBundle$BundleReference
Event: 3.894 loading class java/util/ResourceBundle$BundleReference done
Event: 3.895 loading class sun/util/logging/resources/logging_en
Event: 3.895 loading class sun/util/logging/resources/logging_en done
Event: 3.895 loading class sun/util/logging/resources/logging_en
Event: 3.895 loading class sun/util/logging/resources/logging_en done
Event: 3.895 loading class sun/util/logging/resources/logging_en_GB
Event: 3.895 loading class sun/util/logging/resources/logging_en_GB done
Event: 3.895 loading class sun/util/logging/resources/logging_en_GB
Event: 3.895 loading class sun/util/logging/resources/logging_en_GB done
Event: 3.896 loading class java/util/Formatter$DateTime
Event: 3.896 loading class java/util/Formatter$DateTime done
Event: 3.896 loading class java/time/ZonedDateTime$1
Event: 3.896 loading class java/time/ZonedDateTime$1 done


Dynamic libraries:
0x00007ff60da90000 - 0x00007ff60daa0000 	C:\Program Files\Java\jdk-17\bin\javaw.exe
0x00007ffee0c30000 - 0x00007ffee0e28000 	C:\Windows\SYSTEM32\ntdll.dll
0x00007ffedf8c0000 - 0x00007ffedf982000 	C:\Windows\System32\KERNEL32.DLL
0x00007ffede470000 - 0x00007ffede766000 	C:\Windows\System32\KERNELBASE.dll
0x00007ffedeb60000 - 0x00007ffedec60000 	C:\Windows\System32\ucrtbase.dll
0x00007ffea6810000 - 0x00007ffea682b000 	C:\Program Files\Java\jdk-17\bin\VCRUNTIME140.dll
0x00007ffea7f50000 - 0x00007ffea7f69000 	C:\Program Files\Java\jdk-17\bin\jli.dll
0x00007ffee0a30000 - 0x00007ffee0adf000 	C:\Windows\System32\ADVAPI32.dll
0x00007ffedfc70000 - 0x00007ffedfd0e000 	C:\Windows\System32\msvcrt.dll
0x00007ffedfb30000 - 0x00007ffedfbcf000 	C:\Windows\System32\sechost.dll
0x00007ffee0680000 - 0x00007ffee07a3000 	C:\Windows\System32\RPCRT4.dll
0x00007ffedea70000 - 0x00007ffedea97000 	C:\Windows\System32\bcrypt.dll
0x00007ffedf990000 - 0x00007ffedfb2d000 	C:\Windows\System32\USER32.dll
0x00007ffedeb30000 - 0x00007ffedeb52000 	C:\Windows\System32\win32u.dll
0x00007ffec9de0000 - 0x00007ffeca07a000 	C:\Windows\WinSxS\amd64_microsoft.windows.common-controls_6595b64144ccf1df_6.0.19041.5794_none_60bcd33171f2783c\COMCTL32.dll
0x00007ffedfc40000 - 0x00007ffedfc6b000 	C:\Windows\System32\GDI32.dll
0x00007ffede2d0000 - 0x00007ffede3ea000 	C:\Windows\System32\gdi32full.dll
0x00007ffede7c0000 - 0x00007ffede85d000 	C:\Windows\System32\msvcp_win.dll
0x00007ffed7690000 - 0x00007ffed769a000 	C:\Windows\SYSTEM32\VERSION.dll
0x00007ffedec60000 - 0x00007ffedec8f000 	C:\Windows\System32\IMM32.DLL
0x00007ffebbb10000 - 0x00007ffebbb1c000 	C:\Program Files\Java\jdk-17\bin\vcruntime140_1.dll
0x00007ffe8ced0000 - 0x00007ffe8cf5e000 	C:\Program Files\Java\jdk-17\bin\msvcp140.dll
0x00007ffe8d630000 - 0x00007ffe8e20e000 	C:\Program Files\Java\jdk-17\bin\server\jvm.dll
0x00007ffee0560000 - 0x00007ffee0568000 	C:\Windows\System32\PSAPI.DLL
0x00007ffecd470000 - 0x00007ffecd497000 	C:\Windows\SYSTEM32\WINMM.dll
0x00007ffec20d0000 - 0x00007ffec20d9000 	C:\Windows\SYSTEM32\WSOCK32.dll
0x00007ffee08d0000 - 0x00007ffee093b000 	C:\Windows\System32\WS2_32.dll
0x00007ffedcaf0000 - 0x00007ffedcb02000 	C:\Windows\SYSTEM32\kernel.appcore.dll
0x00007ffed7a20000 - 0x00007ffed7a2a000 	C:\Program Files\Java\jdk-17\bin\jimage.dll
0x00007ffedb650000 - 0x00007ffedb834000 	C:\Windows\SYSTEM32\DBGHELP.DLL
0x00007ffec9440000 - 0x00007ffec9474000 	C:\Windows\SYSTEM32\dbgcore.DLL
0x00007ffedeaa0000 - 0x00007ffedeb22000 	C:\Windows\System32\bcryptPrimitives.dll
0x00007ffec9210000 - 0x00007ffec9235000 	C:\Program Files\Java\jdk-17\bin\java.dll
0x00007ffea8fa0000 - 0x00007ffea9077000 	C:\Program Files\Java\jdk-17\bin\jsvml.dll
0x00007ffedfdf0000 - 0x00007ffee055e000 	C:\Windows\System32\SHELL32.dll
0x00007ffedc330000 - 0x00007ffedcad3000 	C:\Windows\SYSTEM32\windows.storage.dll
0x00007ffedf380000 - 0x00007ffedf6d3000 	C:\Windows\System32\combase.dll
0x00007ffeddd00000 - 0x00007ffeddd2b000 	C:\Windows\SYSTEM32\Wldp.dll
0x00007ffedec90000 - 0x00007ffeded5d000 	C:\Windows\System32\OLEAUT32.dll
0x00007ffee0ae0000 - 0x00007ffee0b8d000 	C:\Windows\System32\SHCORE.dll
0x00007ffedfbe0000 - 0x00007ffedfc35000 	C:\Windows\System32\shlwapi.dll
0x00007ffede200000 - 0x00007ffede225000 	C:\Windows\SYSTEM32\profapi.dll
0x00007ffec60d0000 - 0x00007ffec60e9000 	C:\Program Files\Java\jdk-17\bin\net.dll
0x00007ffed3d10000 - 0x00007ffed3e1a000 	C:\Windows\SYSTEM32\WINHTTP.dll
0x00007ffedda60000 - 0x00007ffeddacc000 	C:\Windows\system32\mswsock.dll
0x00007ffec4c80000 - 0x00007ffec4c96000 	C:\Program Files\Java\jdk-17\bin\nio.dll
0x00007ffec28a0000 - 0x00007ffec28b8000 	C:\Program Files\Java\jdk-17\bin\zip.dll
0x00007ffeddc60000 - 0x00007ffeddc78000 	C:\Windows\SYSTEM32\CRYPTSP.dll
0x00007ffedd310000 - 0x00007ffedd348000 	C:\Windows\system32\rsaenh.dll
0x00007ffede1c0000 - 0x00007ffede1ee000 	C:\Windows\SYSTEM32\USERENV.dll
0x00007ffeddc50000 - 0x00007ffeddc5c000 	C:\Windows\SYSTEM32\CRYPTBASE.dll
0x00007ffedd6f0000 - 0x00007ffedd72b000 	C:\Windows\SYSTEM32\IPHLPAPI.DLL
0x00007ffee0a20000 - 0x00007ffee0a28000 	C:\Windows\System32\NSI.dll
0x00007ffed6920000 - 0x00007ffed6937000 	C:\Windows\SYSTEM32\dhcpcsvc6.DLL
0x00007ffed6900000 - 0x00007ffed691d000 	C:\Windows\SYSTEM32\dhcpcsvc.DLL
0x00007ffedd730000 - 0x00007ffedd7fa000 	C:\Windows\SYSTEM32\DNSAPI.dll
0x00007ffec90c0000 - 0x00007ffec90d7000 	C:\Windows\system32\wlidnsp.dll
0x00007ffed5d20000 - 0x00007ffed5d2a000 	C:\Windows\System32\rasadhlp.dll
0x00007ffed27d0000 - 0x00007ffed2850000 	C:\Windows\System32\fwpuclnt.dll
0x00007ffed8910000 - 0x00007ffed891e000 	C:\Program Files\Java\jdk-17\bin\sunmscapi.dll
0x00007ffede860000 - 0x00007ffede9bd000 	C:\Windows\System32\CRYPT32.dll
0x00007ffeddd70000 - 0x00007ffeddd97000 	C:\Windows\SYSTEM32\ncrypt.dll
0x00007ffeddd30000 - 0x00007ffeddd6b000 	C:\Windows\SYSTEM32\NTASN1.dll
0x00007ffed32d0000 - 0x00007ffed32d7000 	C:\Windows\system32\wshunix.dll

dbghelp: loaded successfully - version: 4.0.5 - missing functions: none
symbol engine: initialized successfully - sym options: 0x614 - pdb path: .;C:\Program Files\Java\jdk-17\bin;C:\Windows\SYSTEM32;C:\Windows\WinSxS\amd64_microsoft.windows.common-controls_6595b64144ccf1df_6.0.19041.5794_none_60bcd33171f2783c;C:\Program Files\Java\jdk-17\bin\server

VM Arguments:
jvm_args: -Dfile.encoding=UTF-8 -XX:+ShowCodeDetailsInExceptionMessages 
java_command: WebSocket.WebSocketClient
java_class_path (initial): C:\Users\BOUAZIZI\Desktop\Cucumber22\target\classes;C:\Users\BOUAZIZI\.m2\repository\org\seleniumhq\selenium\selenium-java\4.19.1\selenium-java-4.19.1.jar;C:\Users\BOUAZIZI\.m2\repository\org\seleniumhq\selenium\selenium-api\4.19.1\selenium-api-4.19.1.jar;C:\Users\BOUAZIZI\.m2\repository\org\seleniumhq\selenium\selenium-chrome-driver\4.19.1\selenium-chrome-driver-4.19.1.jar;C:\Users\BOUAZIZI\.m2\repository\com\google\auto\service\auto-service-annotations\1.1.1\auto-service-annotations-1.1.1.jar;C:\Users\BOUAZIZI\.m2\repository\org\seleniumhq\selenium\selenium-chromium-driver\4.19.1\selenium-chromium-driver-4.19.1.jar;C:\Users\BOUAZIZI\.m2\repository\org\seleniumhq\selenium\selenium-json\4.19.1\selenium-json-4.19.1.jar;C:\Users\BOUAZIZI\.m2\repository\org\seleniumhq\selenium\selenium-manager\4.19.1\selenium-manager-4.19.1.jar;C:\Users\BOUAZIZI\.m2\repository\org\seleniumhq\selenium\selenium-devtools-v121\4.19.1\selenium-devtools-v121-4.19.1.jar;C:\Users\BOUAZIZI\.m2\repository\org\seleniumhq\selenium\selenium-devtools-v122\4.19.1\selenium-devtools-v122-4.19.1.jar;C:\Users\BOUAZIZI\.m2\repository\org\seleniumhq\selenium\selenium-devtools-v123\4.19.1\selenium-devtools-v123-4.19.1.jar;C:\Users\BOUAZIZI\.m2\repository\org\seleniumhq\selenium\selenium-devtools-v85\4.19.1\selenium-devtools-v85-4.19.1.jar;C:\Users\BOUAZIZI\.m2\repository\org\seleniumhq\selenium\selenium-edge-driver\4.19.1\selenium-edge-driver-4.19.1.jar;C:\Users\BOUAZIZI\.m2\repository\org\seleniumhq\selenium\selenium-firefox-driver\4.19.1\selenium-firefox-driver-4.19.1.jar;C:\Users\BOUAZIZI\.m2\repository\org\seleniumhq\selenium\selenium-http\4.19.1\selenium-http-4.19.1.jar;C:\Users\BOUAZIZI\.m2\repository\dev\failsafe\failsafe\3.3.2\failsafe-3.3.2.jar;C:\Users\BOUAZIZI\.m2\repository\org\seleniumhq\selenium\selenium-ie-driver\4.19.1\selenium-ie-driver-4.19.1.jar;C:\Users\BOUAZIZI\.m2\repository\org\seleniumhq\selenium\selenium-remote-driver\4.19.1\selenium-remote-driver-4.19.1
Launcher Type: SUN_STANDARD

[Global flags]
     intx CICompilerCount                          = 4                                         {product} {ergonomic}
     uint ConcGCThreads                            = 2                                         {product} {ergonomic}
     uint G1ConcRefinementThreads                  = 8                                         {product} {ergonomic}
   size_t G1HeapRegionSize                         = 2097152                                   {product} {ergonomic}
    uintx GCDrainStackTargetSize                   = 64                                        {product} {ergonomic}
   size_t InitialHeapSize                          = 201326592                                 {product} {ergonomic}
   size_t MarkStackSize                            = 4194304                                   {product} {ergonomic}
   size_t MaxHeapSize                              = 3191865344                                {product} {ergonomic}
   size_t MaxNewSize                               = 1914699776                                {product} {ergonomic}
   size_t MinHeapDeltaBytes                        = 2097152                                   {product} {ergonomic}
   size_t MinHeapSize                              = 8388608                                   {product} {ergonomic}
    uintx NonNMethodCodeHeapSize                   = 5839372                                {pd product} {ergonomic}
    uintx NonProfiledCodeHeapSize                  = 122909434                              {pd product} {ergonomic}
    uintx ProfiledCodeHeapSize                     = 122909434                              {pd product} {ergonomic}
    uintx ReservedCodeCacheSize                    = 251658240                              {pd product} {ergonomic}
     bool SegmentedCodeCache                       = true                                      {product} {ergonomic}
     bool ShowCodeDetailsInExceptionMessages       = true                                   {manageable} {command line}
   size_t SoftMaxHeapSize                          = 3191865344                             {manageable} {ergonomic}
     bool UseCompressedClassPointers               = true                           {product lp64_product} {ergonomic}
     bool UseCompressedOops                        = true                           {product lp64_product} {ergonomic}
     bool UseG1GC                                  = true                                      {product} {ergonomic}
     bool UseLargePagesIndividualAllocation        = false                                  {pd product} {ergonomic}

Logging:
Log output configuration:
 #0: stdout all=warning uptime,level,tags
 #1: stderr all=off uptime,level,tags

Environment Variables:
JAVA_HOME=C:\Program Files\Java\jdk-17
PATH=C:/Program Files/Java/jdk-17/bin/server;C:/Program Files/Java/jdk-17/bin;C:\oraclexe\app\oracle\product\10.2.0\server\bin;C:\Program Files (x86)\VMware\VMware Player\bin\;C:\Program Files\Common Files\Oracle\Java\javapath;C:\Program Files (x86)\Common Files\Oracle\Java\java8path;C:\Program Files (x86)\Common Files\Oracle\Java\javapath;C:\Windows\system32;C:\Windows;C:\Windows\System32\Wbem;C:\Windows\System32\WindowsPowerShell\v1.0\;C:\Windows\System32\OpenSSH\;C:\Program Files (x86)\NVIDIA Corporation\PhysX\Common;C:\Program Files\Microsoft SQL Server\150\Tools\Binn\;C:\Program Files\Microsoft SQL Server\Client SDK\ODBC\170\Tools\Binn\;C:\Program Files\dotnet\;C:\Program Files\Java\jdk-17\bin;C:\Program Files (x86)\Microsoft SQL Server\110\Tools\Binn\;C:\Program Files (x86)\Microsoft SQL Server\110\DTS\Binn\;C:\Program Files (x86)\Microsoft SQL Server\Client SDK\ODBC\130\Tools\Binn\;C:\Program Files (x86)\Microsoft SQL Server\140\Tools\Binn\;C:\Program Files (x86)\Microsoft SQL Server\140\DTS\Binn\;C:\Program Files (x86)\Microsoft SQL Server\140\Tools\Binn\ManagementStudio\;C:\Program Files\Microsoft SQL Server\130\DTS\Binn\;C:\Program Files\Microsoft SQL Server\140\DTS\Binn\;C:\Program Files\Microsoft SQL Server\150\DTS\Binn\;C:\Program Files\Microsoft SQL Server\160\DTS\Binn\;C:\Program Files (x86)\Microsoft SQL Server\110\Tools\Binn\ManagementStudio\;C:\Program Files (x86)\Microsoft Visual Studio 10.0\Common7\IDE\PrivateAssemblies\;D:\programmes files\Git\cmd;C:\Program Files\MySQL\MySQL Server 8.0\bin;C:\gcc-13.2.0\bin;C:\Program Files\nodejs\;C:\chromedriver-win64\;;C:\Program Files\NVIDIA Corporation\NVIDIA App\NvDLISR;C:\Users\BOUAZIZI\AppData\Local\Programs\Python\Python312\Scripts\;C:\Users\BOUAZIZI\AppData\Local\Programs\Python\Python312\;C:\Users\BOUAZIZI\AppData\Local\Programs\Python\Launcher\;C:\Users\BOUAZIZI\AppData\Local\Microsoft\WindowsApps;C:\Users\BOUAZIZI\AppData\Local\Programs\Microsoft VS Code\bin;C:\Users\BOUAZIZI\.dotnet\tools;C:\Program 
USERNAME=BOUAZIZI
OS=Windows_NT
PROCESSOR_IDENTIFIER=Intel64 Family 6 Model 158 Stepping 10, GenuineIntel



---------------  S Y S T E M  ---------------

OS:
 Windows 10 , 64 bit Build 19041 (10.0.19041.5794)
OS uptime: 1 days 22:44 hours

CPU: total 8 (initial active 8) (4 cores per cpu, 2 threads per core) family 6 model 158 stepping 10 microcode 0xf0, cx8, cmov, fxsr, ht, mmx, 3dnowpref, sse, sse2, sse3, ssse3, sse4.1, sse4.2, popcnt, lzcnt, tsc, tscinvbit, avx, avx2, aes, erms, clmul, bmi1, bmi2, adx, fma, vzeroupper, clflush, clflushopt

Memory: 4k page, system-wide physical 12168M (328M free)
TotalPageFile size 36744M (AvailPageFile size 4M)
current process WorkingSet (physical memory assigned to process): 105M, peak: 107M
current process commit charge ("private bytes"): 314M, peak: 316M

vm_info: Java HotSpot(TM) 64-Bit Server VM (17.0.8+9-LTS-211) for windows-amd64 JRE (17.0.8+9-LTS-211), built on Jun 14 2023 10:34:31 by "mach5one" with MS VC++ 17.1 (VS2022)

END.
